******************************************************************************
                  TI ARM Linker PC v20.2.7                     
******************************************************************************
>> Linked Sun Apr  9 19:28:53 2023

OUTPUT FILE NAME:   <httpget_CC3235SF_LAUNCHXL_tirtos_ccs.out>
ENTRY POINT SYMBOL: "_c_int00"  address: 01011045


MEMORY CONFIGURATION

         name            origin    length      used     unused   attr    fill
----------------------  --------  ---------  --------  --------  ----  --------
  FLASH_HDR             01000000   000007ff  00000000  000007ff  R  X
  FLASH                 01000800   000ff800  00014716  000eb0ea  R  X
  SRAM                  20000000   00040000  0000a648  000359b8  RW X
  LOG_DATA              90000000   00040000  00000000  00040000  R   


SEGMENT ALLOCATION MAP

run origin  load origin   length   init length attrs members
----------  ----------- ---------- ----------- ----- -------
01000800    01000800    00014720   00014720    r-x
  01000800    01000800    0000030c   0000030c    r-- .resetVecs
  01000b10    01000b10    000131b2   000131b2    r-x .text
  01013cc4    01013cc4    00000e80   00000e80    r-- .const
  01014b48    01014b48    000003d8   000003d8    r-- .cinit
20000000    20000000    0000030c   00000000    rw-
  20000000    20000000    0000030c   00000000    rw- .vecs
20000310    20000310    00008000   00000000    r--
  20000310    20000310    00008000   00000000    r-- .priheap
20008400    20008400    00001f3d   00000000    rw-
  20008400    20008400    000015af   00000000    rw- .bss
  200099b0    200099b0    0000098d   00000000    rw- .data
2003fc00    2003fc00    00000400   00000000    rw-
  2003fc00    2003fc00    00000400   00000000    rw- .stack


SECTION ALLOCATION MAP

 output                                  attributes/
section   page    origin      length       input sections
--------  ----  ----------  ----------   ----------------
.resetVecs 
*          0    01000800    0000030c     
                  01000800    0000030c     release_pem4.oem4 (.resetVecs)

.text      0    01000b10    000131b2     
                  01000b10    00000a4e     rtsv7M4_T_le_eabi.lib : _printfi.c.obj (.text:__TI_printfi)
                  0100155e    00000002     ti_drivers_config.obj (.text:Board_initHook)
                  01001560    000008e8     simplelink.a : driver.obj (.text:_SlDrvMsgRead)
                  01001e48    000004bc                  : sl_socket.obj (.text:_SlSocketHandleAsync_Select)
                  01002304    00000004     dpl_cc32xx.a : ClockP_tirtos.oem4 (.text:ClockP_getCpuFreq)
                  01002308    00000468     sysbios.aem4 : BIOS.obj (.text:xdc_runtime_System_doPrint__I)
                  01002770    0000042c     driverlib.a : prcm.obj (.text:PRCMCC3200MCUInit)
                  01002b9c    0000040c     httpclient_release.a : httpclient.oem4 (.text:sendRequest)
                  01002fa8    000003c8     httpget.obj (.text:httpTask)
                  01003370    00000384     simplelink.a : driver.obj (.text:_SlDrvMsgWrite)
                  010036f4    0000031c                  : driver.obj (.text:_SlDrvReleasePoolObj)
                  01003a10    000002e0                  : driver.obj (.text:_SlDrvWaitForPoolObj)
                  01003cf0    000002d8                  : driver.obj (.text:_SlDrvRxHdrRead)
                  01003fc8    000002ac                  : sl_socket.obj (.text:sl_Select)
                  01004274    00000284                  : wlan.obj (.text:sl_WlanConnect)
                  010044f8    00000268     rtsv7M4_T_le_eabi.lib : _printfi.c.obj (.text:_pconv_a)
                  01004760    00000260     platform.obj (.text:mainThread)
                  010049c0    0000025c     simplelink.a : driver.obj (.text:_SlDrvDataReadOp)
                  01004c1c    00000244     httpclient_release.a : httpclient.oem4 (.text:manageResponseHeaders)
                  01004e60    00000224     simplelink.a : driver.obj (.text:_SlDrvDriverCBInit)
                  01005084    00000218                  : driver.obj (.text:_SlDrvDataWriteOp)
                  0100529c    0000020c     drivers_cc32xx.a : UARTCC32XXDMA.oem4 (.text:UARTCC32XXDMA_open)
                  010054a8    000001fc     httpclient_release.a : httpclient.oem4 (.text:SlNetSock_connectURI)
                  010056a4    000001f4     simplelink.a : driver.obj (.text:_SlDrvMsgReadCmdCtx)
                  01005898    000001f2                  : netapp.obj (.text:_SlNetAppEventHandler)
                  01005a8a    00000002     display_cc32xx.a : DisplayUart.oem4 (.text:DisplayUartMin_clear)
                  01005a8c    000001e8     simplelink.a : netapp.obj (.text:sl_NetAppPing)
                  01005c74    000001e0     httpclient_release.a : httpclient.oem4 (.text:HTTPClient_connect2)
                  01005e54    000001e0     simplelink.a : device.obj (.text:sl_Stop)
                  01006034    000001d0     drivers_cc32xx.a : SPICC32XXDMA.oem4 (.text:SPICC32XXDMA_transfer)
                  01006204    000001cc     rtsv7M4_T_le_eabi.lib : _printfi.c.obj (.text:_pconv_g)
                  010063d0    000001b8     drivers_cc32xx.a : SPICC32XXDMA.oem4 (.text:configDMA)
                  01006588    000001b6     rtsv7M4_T_le_eabi.lib : fd_add_t2.asm.obj (.text)
                  0100673e    00000002     display_cc32xx.a : DisplayUart.oem4 (.text:DisplayUartMin_clearLines)
                  01006740    000001b4     simplelink.a : driver.obj (.text:_SlDrvReleaseAllActivePendingPoolObj)
                  010068f4    000001a8                  : sl_socket.obj (.text:sl_Accept)
                  01006a9c    00000194     httpclient_release.a : httpclient.oem4 (.text:redirect)
                  01006c30    00000190     simplelink.a : sl_socket.obj (.text:_SlDrvRegisterForSelectAsync)
                  01006dc0    00000184                  : driver.obj (.text:_SlDrvFindAndSetActiveObj)
                  01006f44    00000180     release_pem4.oem4 (.text:xdc_runtime_System_printfExtend__I)
                  010070c4    00000178     simplelink.a : sl_socket.obj (.text:sl_Connect)
                  0100723c    00000177     httpclient_release.a : httpclient.oem4 (.text:readResponseHeader)
                  010073b3    00000001     --HOLE-- [fill = 0]
                  010073b4    00000170     platform.obj (.text:SimpleLinkNetAppEventHandler)
                  01007524    00000170     simplelink.a : netapp.obj (.text:sl_NetAppDnsGetHostByName)
                  01007694    0000015c     dpl_cc32xx.a : PowerCC32XX_tirtos.oem4 (.text:PowerCC32XX_sleepPolicy)
                  010077f0    00000158     drivers_cc32xx.a : SPICC32XXDMA.oem4 (.text:SPICC32XXDMA_open)
                  01007948    00000154                      : GPIOCC32XX.oem4 (.text:GPIO_setConfig)
                  01007a9c    00000154     simplelink.a : sl_socket.obj (.text:sl_RecvFrom)
                  01007bf0    00000148                  : sl_socket.obj (.text:_SlDrvGetNextTimeoutValue)
                  01007d38    00000148     drivers_cc32xx.a : PowerCC32XX.oem4 (.text:parkPins)
                  01007e80    00000148     httpclient_release.a : httpclient.oem4 (.text:parseURI)
                  01007fc8    00000148     simplelink.a : sl_socket.obj (.text:sl_StartTLS)
                  01008110    00000140                  : driver.obj (.text:_SlDrvMsgReadSpawnCtx)
                  01008250    0000013c     rtsv7M4_T_le_eabi.lib : _printfi.c.obj (.text:_pconv_e)
                  0100838c    00000138     drivers_cc32xx.a : PowerCC32XX.oem4 (.text:Power_sleep)
                  010084c4    00000138     simplelink.a : driver.obj (.text:_SlSpawnMsgListInsert)
                  010085fc    00000136     rtsv7M4_T_le_eabi.lib : fd_div_t2.asm.obj (.text)
                  01008732    00000002     display_cc32xx.a : DisplayUart.oem4 (.text:DisplayUartMin_init)
                  01008734    00000134     simplelink.a : sl_socket.obj (.text:_SlSocketHandleAsync_StartTLS)
                  01008868    00000130                  : driver.obj (.text:_SlDrvDriverCBDeinit)
                  01008998    00000130     sysbios.aem4 : BIOS.obj (.text:ti_sysbios_knl_Semaphore_pend__E)
                  01008ac8    00000128     simplelink.a : driver.obj (.text:_SlDrvClassifyRxMsg)
                  01008bf0    00000124                  : fs.obj (.text:sl_FsOpen)
                  01008d14    00000121     httpclient_release.a : httpclient.oem4 (.text:getChunkedData)
                  01008e35    00000001     --HOLE-- [fill = 0]
                  01008e36    00000002     drivers_cc32xx.a : UARTCC32XXDMA.oem4 (.text:UARTCC32XXDMA_init)
                  01008e38    00000120     simplelink.a : driver.obj (.text:_SlDrvAsyncEventGenericHandler)
                  01008f58    00000120     rtsv7M4_T_le_eabi.lib : _printfi.c.obj (.text:fcvt)
                  01009078    00000120     sysbios.aem4 : BIOS.obj (.text:xdc_runtime_Startup_startMods__I)
                  01009198    0000011c     simplelink.a : device.obj (.text:sl_Start)
                  010092b4    00000118                  : netapp.obj (.text:_SlNetAppHandleAsync_DnsGetHostByService)
                  010093cc    00000110     rtsv7M4_T_le_eabi.lib : strtoul.c.obj (.text:strtoul)
                  010094dc    00000004     dpl_cc32xx.a : ClockP_tirtos.oem4 (.text:ClockP_setTimeout)
                  010094e0    00000110     sysbios.aem4 : BIOS.obj (.text:ti_sysbios_knl_Task_postInit__I)
                  010095f0    00000108     httpclient_release.a : httpclient.oem4 (.text:HTTPClient_setHeader)
                  010096f8    00000108     slnetsock_release.a : slnetutils.oem4 (.text:SlNetUtil_str2BinIpV6)
                  01009800    00000104     simplelink.a : device.obj (.text:_SlDeviceEventHandler)
                  01009904    00000104                  : driver.obj (.text:_SlDrvCmdOp)
                  01009a08    00000104     sysbios.aem4 : BIOS.obj (.text:ti_sysbios_knl_Task_Instance_finalize__E)
                  01009b0c    00000100     simplelink.a : driver.obj (.text:_SlDrvObjGlobalLockWaitForever)
                  01009c0c    00000100                  : fs.obj (.text:sl_FsWrite)
                  01009d0c    000000fc     rtsv7M4_T_le_eabi.lib : fd_mul_t2.asm.obj (.text)
                  01009e08    000000f8     slnetifwifi.a : slnetifwifi.obj (.text:SlNetIfWifi_loadSecObj)
                  01009f00    000000f8     drivers_cc32xx.a : UARTCC32XXDMA.oem4 (.text:UARTCC32XXDMA_close)
                  01009ff8    000000f8     simplelink.a : sl_socket.obj (.text:sl_Close)
                  0100a0f0    000000f4     httpclient_release.a : httpclient.oem4 (.text:httpProxyTunnel)
                  0100a1e4    000000f4     simplelink.a : sl_socket.obj (.text:sl_SendTo)
                  0100a2d8    000000f2     drivers_cc32xx.a : SPICC32XXDMA.oem4 (.text:SPICC32XXDMA_transferCancel)
                  0100a3ca    00000006                      : ADCCC32XX.oem4 (.text:ADCCC32XX_control)
                  0100a3d0    000000f0     sysbios.aem4 : BIOS.obj (.text:pthread_create)
                  0100a4c0    000000e8     drivers_cc32xx.a : UARTCC32XXDMA.oem4 (.text:initHw)
                  0100a5a8    000000e8     sysbios.aem4 : BIOS.obj (.text:ti_sysbios_knl_Task_Instance_init__E)
                  0100a690    000000e4     slnetsock_release.a : slnetif.oem4 (.text:SlNetIf_add)
                  0100a774    00000004     dpl_cc32xx.a : ClockP_tirtos.oem4 (.text:ClockP_start)
                  0100a778    000000e4     sysbios.aem4 : BIOS.obj (.text:clock_gettime)
                  0100a85c    000000e0     httpclient_release.a : httpclient.oem4 (.text:sprsend)
                  0100a93c    000000d8     drivers_cc32xx.a : SPICC32XXDMA.oem4 (.text:SPICC32XXDMA_close)
                  0100aa14    000000d8     simplelink.a : device.obj (.text:_SlDeviceHandleAsync_InitComplete)
                  0100aaec    000000d8                  : driver.obj (.text:_SlDrvWaitForInternalAsyncEvent)
                  0100abc4    000000d8                  : netapp.obj (.text:_SlNetAppHandleAsync_NetAppReceive)
                  0100ac9c    000000d4     httpclient_release.a : httpclient.oem4 (.text:HTTPClient_connect)
                  0100ad70    000000d4     sysbios.aem4 : BIOS.obj (.text:ti_sysbios_heaps_HeapMem_alloc__E)
                  0100ae44    000000d0     simplelink.a : driver.obj (.text:_SlDrvRemoveFromList)
                  0100af14    000000d0     httpclient_release.a : httpclient.oem4 (.text:getStatus)
                  0100afe4    000000d0     rtsv7M4_T_le_eabi.lib : s_scalbn.c.obj (.text:scalbn)
                  0100b0b4    000000cc     sysbios.aem4 : m3_Hwi_asm.obj (.text:ti_sysbios_family_arm_m3_Hwi_dispatch__I)
                  0100b180    000000c8     drivers_cc32xx.a : SPICC32XXDMA.oem4 (.text:spiHwiFxn)
                  0100b248    000000c4     sysbios.aem4 : BIOS.obj (.text:ti_sysbios_knl_Task_sleep__E)
                  0100b30c    000000c0     simplelink.a : cc_pal.obj (.text:NwpPowerOff)
                  0100b3cc    000000c0     httpclient_release.a : httpclient.oem4 (.text:resHeaderFieldHandler)
                  0100b48c    000000c0     drivers_cc32xx.a : PowerCC32XX.oem4 (.text:restoreParkedPins)
                  0100b54c    000000c0     simplelink.a : netcfg.obj (.text:sl_NetCfgGet)
                  0100b60c    000000bc     platform.obj (.text:DisplayBanner)
                  0100b6c8    000000bc     simplelink.a : netapp.obj (.text:_SlNetAppSendResponse)
                  0100b784    000000bc                  : sl_socket.obj (.text:sl_Send)
                  0100b840    000000bc     sysbios.aem4 : BIOS.obj (.text:xdc_runtime_Core_createObject__I)
                  0100b8fc    000000b8     httpclient_release.a : httpclient.oem4 (.text:HTTPClient_readResponseBody)
                  0100b9b4    000000b8     drivers_cc32xx.a : UARTCC32XXDMA.oem4 (.text:UARTCC32XXDMA_configDMA)
                  0100ba6c    000000b8     simplelink.a : netapp.obj (.text:_SlNetAppHandleAsync_DnsGetHostByName)
                  0100bb24    000000b8                  : netapp.obj (.text:_SlNetAppHandleAsync_PingResponse)
                  0100bbdc    000000b8                  : wlan.obj (.text:sl_WlanGet)
                  0100bc94    00000004     dpl_cc32xx.a : ClockP_tirtos.oem4 (.text:ClockP_stop)
                  0100bc98    000000b8     sysbios.aem4 : BIOS.obj (.text:ti_sysbios_family_arm_m3_Hwi_Instance_init__E)
                  0100bd50    000000b4     drivers_cc32xx.a : UARTCC32XXDMA.oem4 (.text:UARTCC32XXDMA_hwiIntFxn)
                  0100be04    000000b4     simplelink.a : driver.obj (.text:_SlDrvHandleFatalError)
                  0100beb8    000000b4                  : netutil.obj (.text:_SlNetUtilHandleAsync_Cmd)
                  0100bf6c    000000b4                  : sl_socket.obj (.text:sl_GetSockOpt)
                  0100c020    000000b2     slnetifwifi.a : slnetifwifi.obj (.text:matchModeByRole)
                  0100c0d2    00000002     rtsv7M4_T_le_eabi.lib : _lock.c.obj (.text:_nop)
                  0100c0d4    000000b1                           : _printfi.c.obj (.text:_ltostr)
                  0100c185    00000001     --HOLE-- [fill = 0]
                  0100c186    00000002                           : div0.asm.obj (.text)
                  0100c188    000000b0     platform.obj (.text:Connect)
                  0100c238    000000b0     slnetifwifi.a : slnetifwifi.obj (.text:SlNetIfWifi_getSockOpt)
                  0100c2e8    000000ac     simplelink.a : sl_socket.obj (.text:_SlSocketHandleAsync_Close)
                  0100c394    000000ac                  : sl_socket.obj (.text:_SlSocketHandleAsync_Connect)
                  0100c440    000000ac     httpclient_release.a : httpclient.oem4 (.text:sendReqHeaders)
                  0100c4ec    000000a8     driverlib.a : prcm.obj (.text:PRCMPeripheralClockGet)
                  0100c594    000000a8     drivers_cc32xx.a : PowerCC32XX.oem4 (.text:PowerCC32XX_configureWakeup)
                  0100c63c    000000a8     simplelink.a : fs.obj (.text:sl_FsClose)
                  0100c6e4    000000a6                  : driver.obj (.text:_SlDrvIsTimeoutExpired)
                  0100c78a    00000002     release_pem4.oem4 (.text:ti_sysbios_BIOS_nullFunc__I)
                  0100c78c    000000a4     simplelink.a : sl_socket.obj (.text:sl_Bind)
                  0100c830    000000a4     sysbios.aem4 : BIOS.obj (.text:ti_sysbios_knl_Task_setPri__E)
                  0100c8d4    000000a0     simplelink.a : fs.obj (.text:FsGetCreateFsMode)
                  0100c974    000000a0                  : sl_socket.obj (.text:_SlDrvUnRegisterForSelectAsync)
                  0100ca14    000000a0                  : driver.obj (.text:_SlSpawnMsgListProcess)
                  0100cab4    000000a0     auto_init.aem4 : auto_init.oem4 (.text)
                  0100cb54    0000009e     simplelink.a : cc_pal.obj (.text:spi_Read)
                  0100cbf2    0000009e                  : cc_pal.obj (.text:spi_Write)
                  0100cc90    0000009c     sysbios.aem4 : BIOS.obj (.text:_pthread_removeThreadKeys)
                  0100cd2c    0000009c     rtsv7M4_T_le_eabi.lib : memcpy_t2.asm.obj (.text)
                  0100cdc8    00000098     httpclient_release.a : httpclient.oem4 (.text:HTTPClient_sendRequest)
                  0100ce60    00000096     rtsv7M4_T_le_eabi.lib : ull_div_t2.asm.obj (.text)
                  0100cef6    00000002     release_pem4.oem4 (.text:xdc_runtime_Startup_reset__I)
                  0100cef8    00000094     drivers_cc32xx.a : ADCCC32XX.oem4 (.text:ADCCC32XX_open)
                  0100cf8c    00000094     simplelink.a : cc_pal.obj (.text:Semaphore_pend_handle)
                  0100d020    00000094     drivers_cc32xx.a : SPICC32XXDMA.oem4 (.text:initHw)
                  0100d0b4    00000094     httpclient_release.a : httpclient.oem4 (.text:locationParser)
                  0100d148    00000094     sysbios.aem4 : BIOS.obj (.text:ti_sysbios_knl_Task_exit__E)
                  0100d1dc    00000092     slnetsock_release.a : slnetsock.oem4 (.text:SlNetSock_create)
                  0100d26e    00000002     --HOLE-- [fill = 0]
                  0100d270    00000090     drivers_cc32xx.a : GPIOCC32XX.oem4 (.text:GPIO_init)
                  0100d300    00000090     slnetsock_release.a : slnetsock.oem4 (.text:SlNetSock_getVirtualSdConf)
                  0100d390    00000090     simplelink.a : device.obj (.text:_SlDeviceHandleAsync_Stop)
                  0100d420    00000090                  : sl_socket.obj (.text:_SlSocketHandleAsync_Accept)
                  0100d4b0    00000090     httpclient_release.a : httpclient.oem4 (.text:createSecAttribs)
                  0100d540    00000090     drivers_cc32xx.a : PowerCC32XX.oem4 (.text:restoreNVICRegs)
                  0100d5d0    00000090     sysbios.aem4 : BIOS.obj (.text:ti_sysbios_knl_Task_Module_startup__E)
                  0100d660    0000008c     drivers_cc32xx.a : UARTCC32XXDMA.oem4 (.text:UARTCC32XXDMA_write)
                  0100d6ec    0000008c     simplelink.a : driver.obj (.text:_SlDrvDriverIsApiAllowed)
                  0100d778    0000008c                  : driver.obj (.text:_SlDrvProtectAsyncRespSetting)
                  0100d804    0000008c                  : sl_socket.obj (.text:sl_Recv)
                  0100d890    0000008c     sysbios.aem4 : BIOS.obj (.text:xdc_runtime_Memory_alloc__E)
                  0100d91c    00000088     driverlib.a : pin.obj (.text:PinConfigSet)
                  0100d9a4    00000088     httpclient_release.a : httpclient.oem4 (.text:readLine)
                  0100da2c    00000088     simplelink.a : eventreg.obj (.text:sl_UnregisterLibsEventHandler)
                  0100dab4    00000004     dpl_cc32xx.a : HwiP_tirtos.oem4 (.text:HwiP_clearInterrupt)
                  0100dab8    00000088     sysbios.aem4 : BIOS.obj (.text:ti_sysbios_family_arm_m3_Hwi_initNVIC__E)
                  0100db40    00000088                  : BIOS.obj (.text:ti_sysbios_knl_Mailbox_post__E)
                  0100dbc8    00000086     rtsv7M4_T_le_eabi.lib : fd_cmp_t2.asm.obj (.text:__aeabi_cdcmple)
                  0100dc4e    00000086                           : fd_cmp_t2.asm.obj (.text:__aeabi_cdrcmple)
                  0100dcd4    00000004     dpl_cc32xx.a : HwiP_tirtos.oem4 (.text:HwiP_disable)
                  0100dcd8    00000086     sysbios.aem4 : BIOS.obj (.text:xdc_runtime_Core_constructObject__I)
                  0100dd5e    00000002     --HOLE-- [fill = 0]
                  0100dd60    00000084     drivers_cc32xx.a : PowerCC32XX.oem4 (.text:Power_init)
                  0100dde4    00000084     slnetifwifi.a : slnetifwifi.obj (.text:SlNetIfWifi_sockstartSec)
                  0100de68    00000084     slnetsock_release.a : slnetutils.oem4 (.text:SlNetUtil_getHostByName)
                  0100deec    00000084     drivers_cc32xx.a : PowerCC32XX.oem4 (.text:saveNVICRegs)
                  0100df70    00000084     simplelink.a : sl_socket.obj (.text:sl_SetSockOpt)
                  0100dff4    00000004     dpl_cc32xx.a : HwiP_tirtos.oem4 (.text:HwiP_disableInterrupt)
                  0100dff8    00000084     sysbios.aem4 : BIOS.obj (.text:ti_sysbios_family_arm_m3_Hwi_postInit__I)
                  0100e07c    00000004     dpl_cc32xx.a : HwiP_tirtos.oem4 (.text:HwiP_enableInterrupt)
                  0100e080    00000084     sysbios.aem4 : BIOS.obj (.text:ti_sysbios_heaps_HeapMem_free__E)
                  0100e104    00000080     drivers_cc32xx.a : PowerCC32XX.oem4 (.text:Power_setDependency)
                  0100e184    00000080     slnetifwifi.a : slwificonn.obj (.text:SignalEvent)
                  0100e204    00000080     drivers_cc32xx.a : UARTCC32XXDMA.oem4 (.text:UARTCC32XXDMA_read)
                  0100e284    00000004                      : SPICC32XXDMA.oem4 (.text:SPICC32XXDMA_init)
                  0100e288    00000080     sysbios.aem4 : BIOS.obj (.text:_pthread_abstime2ticks)
                  0100e308    00000080                  : BIOS.obj (.text:ti_sysbios_knl_Clock_workFunc__E)
                  0100e388    0000007c     drivers_cc32xx.a : UDMACC32XX.oem4 (.text:UDMACC32XX_open)
                  0100e404    0000007a                      : UARTCC32XXDMA.oem4 (.text:UARTCC32XXDMA_readPolling)
                  0100e47e    0000007a     rtsv7M4_T_le_eabi.lib : memset_t2.asm.obj (.text)
                  0100e4f8    00000078     simplelink.a : sl_socket.obj (.text:sl_Socket)
                  0100e570    00000075     sysbios.aem4 : BIOS.obj (.text:xdc_runtime_System_formatNum__I)
                  0100e5e5    00000003     --HOLE-- [fill = 0]
                  0100e5e8    00000074     drivers_cc32xx.a : ADCCC32XX.oem4 (.text:ADCCC32XX_close)
                  0100e65c    00000074     slnetsock_release.a : slnetsock.oem4 (.text:SlNetSock_AllocVirtualSocket)
                  0100e6d0    00000074     drivers_cc32xx.a : GPIOCC32XX.oem4 (.text:powerNotifyFxn)
                  0100e744    00000004     dpl_cc32xx.a : SemaphoreP_tirtos.oem4 (.text:SemaphoreP_post)
                  0100e748    00000074     sysbios.aem4 : BIOS.obj (.text:xdc_runtime_Core_deleteObject__I)
                  0100e7bc    00000070     httpclient_release.a : httpclient.oem4 (.text:HTTPClient_disconnect)
                  0100e82c    00000070     slnetsock_release.a : slnetsock.oem4 (.text:SlNetSock_secAttribSet)
                  0100e89c    00000070     simplelink.a : driver.obj (.text:_SlDrvCmdSend_noLock)
                  0100e90c    00000004     slnetsock_release.a : slnetutils.oem4 (.text:SlNetUtil_init)
                  0100e910    00000070     sysbios.aem4 : BIOS.obj (.text:acquireMutexNone$47)
                  0100e980    00000070                  : BIOS.obj (.text:ti_sysbios_heaps_HeapMem_initPrimary__I)
                  0100e9f0    0000006e     rtsv7M4_T_le_eabi.lib : _printfi.c.obj (.text:_mcpy)
                  0100ea5e    00000002     --HOLE-- [fill = 0]
                  0100ea60    0000006c     httpclient_release.a : httpclient.oem4 (.text:HTTPClient_getHeader)
                  0100eacc    0000006c     slnetifwifi.a : slnetifwifi.obj (.text:SlNetIfWifi_ping)
                  0100eb38    0000006c     slnetsock_release.a : slnetutils.oem4 (.text:SlNetUtil_str2BinIpV4)
                  0100eba4    0000006c     simplelink.a : device.obj (.text:_SlDeviceHandleResetRequestInternally)
                  0100ec10    0000006c                  : sl_socket.obj (.text:_SlDrvOpenCtrlSocket)
                  0100ec7c    0000006c                  : netapp.obj (.text:_SlNetAppSendTokenValue)
                  0100ece8    0000006c     sysbios.aem4 : BIOS.obj (.text:ti_sysbios_knl_Swi_restoreHwi__E)
                  0100ed54    00000068     simplelink.a : driver.obj (.text:_SlSpawnMsgListGetCount)
                  0100edbc    00000068     rtsv7M4_T_le_eabi.lib : copy_decompress_lzss.c.obj (.text:decompress:lzss:__TI_decompress_lzss)
                  0100ee24    00000068     main_tirtos.obj (.text:main)
                  0100ee8c    00000004     dpl_cc32xx.a : SystemP_tirtos.oem4 (.text:SystemP_vsnprintf)
                  0100ee90    00000068     sysbios.aem4 : BIOS.obj (.text:pthread_exit)
                  0100eef8    00000068     simplelink.a : cc_pal.obj (.text:spi_Open)
                  0100ef60    00000068     sysbios.aem4 : BIOS.obj (.text:ti_sysbios_family_arm_cc32xx_Seconds_getTime__E)
                  0100efc8    00000064     drivers_cc32xx.a : ADCCC32XX.oem4 (.text:ADCCC32XX_convert)
                  0100f02c    00000064                      : GPIOCC32XX.oem4 (.text:GPIO_setInterruptConfig)
                  0100f090    00000064                      : PowerCC32XX.oem4 (.text:PowerCC32XX_setParkState)
                  0100f0f4    00000004     release_pem4.oem4 (.text:ti_sysbios_BIOS_RtsGateProxy_enter__E)
                  0100f0f8    00000064     sysbios.aem4 : BIOS.obj (.text:ti_sysbios_family_arm_m3_Hwi_dispatchC__I)
                  0100f15c    00000060     drivers_cc32xx.a : GPIOCC32XX.oem4 (.text:GPIO_hwiIntFxn)
                  0100f1bc    00000060     driverlib.a : prcm.obj (.text:PRCMSysResetCauseGet)
                  0100f21c    00000060     drivers_cc32xx.a : UARTCC32XXDMA.oem4 (.text:UARTCC32XXDMA_control)
                  0100f27c    00000004     release_pem4.oem4 (.text:ti_sysbios_BIOS_RtsGateProxy_leave__E)
                  0100f280    00000060     sysbios.aem4 : BIOS.obj (.text:ti_sysbios_knl_Semaphore_post__E)
                  0100f2e0    00000060                  : BIOS.obj (.text:ti_sysbios_knl_Swi_run__I)
                  0100f340    0000005e     slnetifwifi.a : slnetifwifi.obj (.text:SlNetIfWifi_setSockOpt)
                  0100f39e    00000002     --HOLE-- [fill = 0]
                  0100f3a0    0000005c     display_cc32xx.a : Display.oem4 (.text:Display_doOpen)
                  0100f3fc    0000005c     slnetifwifi.a : slwificonn.obj (.text:SlWifiConn_enable)
                  0100f458    0000005c     simplelink.a : spawn.obj (.text:_SlInternalSpawn)
                  0100f4b4    0000005c     rtsv7M4_T_le_eabi.lib : s_frexp.c.obj (.text:frexp)
                  0100f510    0000005c     httpclient_release.a : httpclient.oem4 (.text:readRawResponseBody)
                  0100f56c    00000004     release_pem4.oem4 (.text:ti_sysbios_family_arm_m3_Hwi_delete)
                  0100f570    0000005c     sysbios.aem4 : BIOS.obj (.text:ti_sysbios_family_arm_m3_Timer_start__E)
                  0100f5cc    00000004     release_pem4.oem4 (.text:ti_sysbios_family_arm_m3_TaskSupport_Module__startupDone__S)
                  0100f5d0    0000005c     sysbios.aem4 : BIOS.obj (.text:ti_sysbios_knl_Swi_schedule__I)
                  0100f62c    00000004     release_pem4.oem4 (.text:ti_sysbios_heaps_HeapMem_Module_GateProxy_enter__E)
                  0100f630    0000005c     sysbios.aem4 : BIOS.obj (.text:ti_sysbios_knl_Task_startCore__E)
                  0100f68c    00000004     release_pem4.oem4 (.text:ti_sysbios_heaps_HeapMem_Module_GateProxy_leave__E)
                  0100f690    0000005c     sysbios.aem4 : BIOS.obj (.text:xdc_runtime_Startup_exec__E)
                  0100f6ec    00000058     driverlib.a : prcm.obj (.text:PRCMPeripheralReset)
                  0100f744    00000058     drivers_cc32xx.a : PowerCC32XX.oem4 (.text:Power_releaseDependency)
                  0100f79c    00000058     slnetsock_release.a : slnetsock.oem4 (.text:SlNetSock_recv)
                  0100f7f4    00000058                         : slnetsock.oem4 (.text:SlNetSock_send)
                  0100f84c    00000058     simplelink.a : sl_socket.obj (.text:_SlDrvClearCtrlSocket)
                  0100f8a4    00000058                  : driver.obj (.text:_SlFindAndReleasePendingCmd)
                  0100f8fc    00000058                  : sl_socket.obj (.text:sl_Listen)
                  0100f954    00000058                  : eventreg.obj (.text:sl_RegisterLibsEventHandler)
                  0100f9ac    00000058     ti_net_config.obj (.text:ti_net_SlNet_initConfig)
                  0100fa04    00000004     release_pem4.oem4 (.text:ti_sysbios_knl_Clock_TimerProxy_getMaxTicks__E)
                  0100fa08    00000058     sysbios.aem4 : BIOS.obj (.text:ti_sysbios_family_arm_cc32xx_Seconds_getCount__I)
                  0100fa60    00000056     rtsv7M4_T_le_eabi.lib : _printfi.c.obj (.text:_pconv_f)
                  0100fab6    00000002     --HOLE-- [fill = 0]
                  0100fab8    00000054     simplelink.a : driver.obj (.text:_SlDrvRxIrqHandler)
                  0100fb0c    00000054     rtsv7M4_T_le_eabi.lib : _ltoa.c.obj (.text:__TI_ltoa)
                  0100fb60    00000054     httpclient_release.a : httpclient.oem4 (.text:resHeaderNameToHash)
                  0100fbb4    00000054     release_pem4.oem4 (.text:ti_sysbios_family_arm_m3_Hwi_create)
                  0100fc08    00000052     drivers_cc32xx.a : PowerCC32XX_asm.oem4 (.text:PowerCC32XX_resumeLPDS)
                  0100fc5a    00000052     rtsv7M4_T_le_eabi.lib : _printfi.c.obj (.text:_ecpy)
                  0100fcac    00000050     simplelink.a : cc_pal.obj (.text:NwpRegisterInterruptHandler)
                  0100fcfc    00000050     slnetsock_release.a : slnetif.oem4 (.text:SlNetIf_queryIf)
                  0100fd4c    00000050     drivers_cc32xx.a : UARTCC32XXDMA.oem4 (.text:UARTCC32XXDMA_writePolling)
                  0100fd9c    00000050     simplelink.a : sl_socket.obj (.text:_SlDrvCloseCtrlSocket)
                  0100fdec    00000050                  : driver.obj (.text:_SlDrvCmdSend_noWait)
                  0100fe3c    00000050                  : driver.obj (.text:_SlDrvUpdateApiInProgress)
                  0100fe8c    00000050                  : spawn.obj (.text:_SlInternalSpawnTaskEntry)
                  0100fedc    00000050                  : eventreg.obj (.text:_SlNetAppHttpServerHdlr)
                  0100ff2c    00000050                  : eventreg.obj (.text:_SlNetAppRequestHdlr)
                  0100ff7c    00000004     release_pem4.oem4 (.text:ti_sysbios_knl_Clock_TimerProxy_setPeriodMicroSecs__E)
                  0100ff80    00000050     sysbios.aem4 : BIOS.obj (.text:mq_send)
                  0100ffd0    00000050     httpclient_release.a : httpclient.oem4 (.text:removeRequestHeader)
                  01010020    00000050     sysbios.aem4 : BIOS.obj (.text:ti_sysbios_family_arm_m3_Hwi_Module_startup__E)
                  01010070    00000050                  : BIOS.obj (.text:ti_sysbios_family_arm_m3_Timer_setPeriod__E)
                  010100c0    00000050     release_pem4.oem4 (.text:ti_sysbios_knl_Task_create)
                  01010110    0000004e     drivers_cc32xx.a : UARTCC32XXDMA.oem4 (.text:writeCancel)
                  0101015e    00000002     --HOLE-- [fill = 0]
                  01010160    0000004c     simplelink.a : cc_pal.obj (.text:NwpWaitForShutDownInd)
                  010101ac    0000004c     drivers_cc32xx.a : PowerCC32XX.oem4 (.text:PowerCC32XX_parkPin)
                  010101f8    0000004c     slnetifwifi.a : slnetifwifi.obj (.text:SlNetIfWifi_getConnectionStatus)
                  01010244    0000004c                   : slnetifwifi.obj (.text:SlNetIfWifi_getIPAddr)
                  01010290    0000004c     slnetsock_release.a : slnetsock.oem4 (.text:SlNetSock_freeVirtualSocket)
                  010102dc    0000004c                         : slnetsock.oem4 (.text:SlNetSock_startSec)
                  01010328    0000004c     slnetifwifi.a : slwificonn.obj (.text:SlWifiConn_disable)
                  01010374    0000004c     rtsv7M4_T_le_eabi.lib : atoi.c.obj (.text:atoi)
                  010103c0    0000004c                           : cpy_tbl.c.obj (.text:copy_in)
                  0101040c    0000004c     platform.obj (.text:printError)
                  01010458    0000004c     drivers_cc32xx.a : PowerCC32XX.oem4 (.text:restorePeriphClocks)
                  010104a4    0000004c     simplelink.a : wlan.obj (.text:sl_WlanSetMode)
                  010104f0    0000004c     rtsv7M4_T_le_eabi.lib : snprintf.c.obj (.text:snprintf)
                  0101053c    0000004c     sysbios.aem4 : m3_TaskSupport_asm.obj (.text:ti_sysbios_family_arm_m3_TaskSupport_buildTaskStack)
                  01010588    0000004c                  : BIOS.obj (.text:ti_sysbios_heaps_HeapMem_getStats__E)
                  010105d4    00000004     release_pem4.oem4 (.text:ti_sysbios_knl_Clock_TimerProxy_start__E)
                  010105d8    0000004c     sysbios.aem4 : BIOS.obj (.text:ti_sysbios_knl_Swi_runLoop__I)
                  01010624    00000004     release_pem4.oem4 (.text:ti_sysbios_knl_Clock_TimerProxy_stop__E)
                  01010628    0000004c     sysbios.aem4 : BIOS.obj (.text:ti_sysbios_knl_Task_allBlockedFunction__I)
                  01010674    00000004     release_pem4.oem4 (.text:ti_sysbios_knl_Clock_delete)
                  01010678    0000004c     sysbios.aem4 : BIOS.obj (.text:ti_sysbios_knl_Task_schedule__I)
                  010106c4    0000004a     display_cc32xx.a : DisplayUart.oem4 (.text:DisplayUartMin_open)
                  0101070e    0000004a     httpclient_release.a : httpclient.oem4 (.text:clearResponseValues)
                  01010758    0000004a     drivers_cc32xx.a : UARTCC32XXDMA.oem4 (.text:readCancel)
                  010107a2    00000002     --HOLE-- [fill = 0]
                  010107a4    00000048     driverlib.a : flash.obj (.text:FlashDisable)
                  010107ec    00000048     drivers_cc32xx.a : GPIOCC32XX.oem4 (.text:GPIO_disableInt)
                  01010834    00000048                      : GPIOCC32XX.oem4 (.text:GPIO_enableInt)
                  0101087c    00000048     driverlib.a : prcm.obj (.text:PRCMLPDSEnter)
                  010108c4    00000048                 : prcm.obj (.text:PRCMPeripheralClkEnable)
                  0101090c    00000048     drivers_cc32xx.a : PowerCC32XX.oem4 (.text:Power_releaseConstraint)
                  01010954    00000048     slnetsock_release.a : slnetsock.oem4 (.text:SlNetSock_connect)
                  0101099c    00000048                         : slnetsock.oem4 (.text:SlNetSock_init)
                  010109e4    00000048     simplelink.a : eventreg.obj (.text:_SlDeviceFatalErrorEvtHdlr)
                  01010a2c    00000048                  : eventreg.obj (.text:_SlDeviceGeneralEvtHdlr)
                  01010a74    00000048                  : driver.obj (.text:_SlDrvSyncObjWaitTimeout)
                  01010abc    00000048                  : eventreg.obj (.text:_SlNetAppEvtHdlr)
                  01010b04    00000048                  : eventreg.obj (.text:_SlNetAppRequestMemFree)
                  01010b4c    00000048                  : eventreg.obj (.text:_SlSockEvtHdlr)
                  01010b94    00000048                  : eventreg.obj (.text:_SlWlanEvtHdlr)
                  01010bdc    00000004     release_pem4.oem4 (.text:ti_sysbios_knl_Semaphore_delete)
                  01010be0    00000048     sysbios.aem4 : BIOS.obj (.text:pthread_mutex_init)
                  01010c28    00000048     rtsv7M4_T_le_eabi.lib : fd_toi_t2.asm.obj (.text)
                  01010c70    00000048     sysbios.aem4 : BIOS.obj (.text:ti_sysbios_family_arm_m3_Hwi_disableInterrupt__E)
                  01010cb8    00000048                  : BIOS.obj (.text:ti_sysbios_family_arm_m3_Hwi_enableInterrupt__E)
                  01010d00    00000048                  : m3_Hwi_asm_switch.obj (.text:ti_sysbios_family_arm_m3_Hwi_initStacks__E)
                  01010d48    00000048                  : BIOS.obj (.text:ti_sysbios_family_arm_m3_Timer_initDevice__I)
                  01010d90    00000048                  : BIOS.obj (.text:ti_sysbios_knl_Mailbox_Module_startup__E)
                  01010dd8    00000048                  : BIOS.obj (.text:xdc_runtime_Core_assignParams__I)
                  01010e20    00000046     display_cc32xx.a : DisplayUart.oem4 (.text:DisplayUartMin_vprintf)
                  01010e66    00000002     --HOLE-- [fill = 0]
                  01010e68    00000044     drivers_cc32xx.a : ADC.oem4 (.text:ADC_init)
                  01010eac    00000044     httpclient_release.a : httpclient.oem4 (.text:HTTPClient_create)
                  01010ef0    00000044     driverlib.a : prcm.obj (.text:PRCMLPDSRestoreInfoSet)
                  01010f34    00000044     drivers_cc32xx.a : PowerCC32XX_asm.oem4 (.text:PowerCC32XX_enterLPDS)
                  01010f78    00000044                      : SPI.oem4 (.text:SPI_init)
                  01010fbc    00000044     slnetsock_release.a : slnetutils.oem4 (.text:SlNetUtil_strTok)
                  01011000    00000044     drivers_cc32xx.a : UART.oem4 (.text:UART_init)
                  01011044    00000044     boot.aem4 : boot.oem4 (.text)
                  01011088    00000044     rtsv7M4_T_le_eabi.lib : fd_tou_t2.asm.obj (.text)
                  010110cc    00000004     release_pem4.oem4 (.text:ti_sysbios_knl_Task_delete)
                  010110d0    00000044     sysbios.aem4 : BIOS.obj (.text:ti_sysbios_family_arm_m3_Hwi_getStackInfo__E)
                  01011114    00000004     release_pem4.oem4 (.text:xdc_runtime_System_Module_GateProxy_enter__E)
                  01011118    00000044     sysbios.aem4 : BIOS.obj (.text:ti_sysbios_knl_Mailbox_postInit__I)
                  0101115c    00000004     release_pem4.oem4 (.text:xdc_runtime_System_Module_GateProxy_leave__E)
                  01011160    00000044     sysbios.aem4 : BIOS.obj (.text:ti_sysbios_knl_Swi_post__E)
                  010111a4    00000004     --HOLE-- [fill = 0]
                  010111a8    00000044                  : BIOS.obj (.text:xdc_runtime_System_atexit__E)
                  010111ec    00000042     httpclient_release.a : httpclient.oem4 (.text:initializeCB)
                  0101122e    00000002     --HOLE-- [fill = 0]
                  01011230    00000040     drivers_cc32xx.a : ADC.oem4 (.text:ADC_open)
                  01011270    00000040     dpl_cc32xx.a : ClockP_tirtos.oem4 (.text:ClockP_create)
                  010112b0    00000040     simplelink.a : sl_socket.obj (.text:CountSetBits)
                  010112f0    00000040     dpl_cc32xx.a : HwiP_tirtos.oem4 (.text:HwiP_create)
                  01011330    00000040     driverlib.a : pin.obj (.text:PinModeSet)
                  01011370    00000040     drivers_cc32xx.a : SPI.oem4 (.text:SPI_open)
                  010113b0    00000040     slnetsock_release.a : slnetif.oem4 (.text:SlNetIf_configCheck)
                  010113f0    00000040     drivers_cc32xx.a : UART.oem4 (.text:UART_open)
                  01011430    00000040                      : UDMACC32XX.oem4 (.text:UDMACC32XX_init)
                  01011470    00000040     simplelink.a : driver.obj (.text:_SlDrvGlobalObjUnLock)
                  010114b0    00000040                  : spawn.obj (.text:_SlInternalSpawnWaitForEvent)
                  010114f0    00000040                  : eventreg.obj (.text:_SlIsEventRegistered)
                  01011530    00000040     httpclient_release.a : httpclient.oem4 (.text:clearReqHeaders)
                  01011570    00000040     rtsv7M4_T_le_eabi.lib : u_divt2.asm.obj (.text)
                  010115b0    00000040                           : sprintf.c.obj (.text:sprintf)
                  010115f0    00000040     sysbios.aem4 : BIOS.obj (.text:ti_sysbios_heaps_HeapMem_Instance_init__E)
                  01011630    00000040                  : BIOS.obj (.text:ti_sysbios_knl_Clock_Instance_init__E)
                  01011670    00000040     rtsv7M4_T_le_eabi.lib : vsnprintf.c.obj (.text:vsnprintf)
                  010116b0    0000003e     slnetsock_release.a : slnetsock.oem4 (.text:SlNetSock_close)
                  010116ee    0000003e     simplelink.a : sl_socket.obj (.text:_SlSocketBuildAddress)
                  0101172c    0000003e     rtsv7M4_T_le_eabi.lib : _printfi.c.obj (.text:_fcpy)
                  0101176a    00000006     display_cc32xx.a : DisplayUart.oem4 (.text:DisplayUartMin_control)
                  01011770    0000003e     sysbios.aem4 : BIOS.obj (.text:sem_timedwait)
                  010117ae    00000002     --HOLE-- [fill = 0]
                  010117b0    0000003c     drivers_cc32xx.a : PowerCC32XX.oem4 (.text:Power_setConstraint)
                  010117ec    0000003c     dpl_cc32xx.a : SemaphoreP_tirtos.oem4 (.text:SemaphoreP_create)
                  01011828    0000003c     simplelink.a : netapp.obj (.text:_SlNetAppCopyPingResultsToReport)
                  01011864    00000004     --HOLE-- [fill = 0]
                  01011868    0000003c     sysbios.aem4 : BIOS.obj (.text:pthread_mutex_unlock)
                  010118a4    00000004     --HOLE-- [fill = 0]
                  010118a8    0000003c                  : BIOS.obj (.text:sleep)
                  010118e4    00000004     --HOLE-- [fill = 0]
                  010118e8    0000003c                  : BIOS.obj (.text:ti_sysbios_family_arm_m3_Hwi_Instance_finalize__E)
                  01011924    00000004     --HOLE-- [fill = 0]
                  01011928    0000003c                  : BIOS.obj (.text:ti_sysbios_family_arm_m3_Timer_setPeriodMicroSecs__E)
                  01011964    0000003c     release_pem4.oem4 (.text:ti_sysbios_knl_Clock_create)
                  010119a0    0000003c     sysbios.aem4 : BIOS.obj (.text:ti_sysbios_knl_Clock_walkQueuePeriodic__E)
                  010119dc    00000004     --HOLE-- [fill = 0]
                  010119e0    0000003c                  : BIOS.obj (.text:ti_sysbios_knl_Swi_restore__E)
                  01011a1c    0000003c     simplelink.a : sl_socket.obj (.text:to_mSec)
                  01011a58    0000003c     sysbios.aem4 : BIOS.obj (.text:usleep)
                  01011a94    00000004     --HOLE-- [fill = 0]
                  01011a98    0000003c                  : BIOS.obj (.text:xdc_runtime_System_processAtExit__E)
                  01011ad4    0000003a     dpl_cc32xx.a : PowerCC32XX_tirtos.oem4 (.text:getCountsRTC)
                  01011b0e    0000003a     httpclient_release.a : httpclient.oem4 (.text:stringncasecmp)
                  01011b48    00000038     driverlib.a : prcm.obj (.text:PRCMLPDSEnterKeepDebugIf)
                  01011b80    00000038     slnetifwifi.a : slnetifwifi.obj (.text:SlNetIfWifi_recvFrom)
                  01011bb8    00000038                   : slnetifwifi.obj (.text:SlNetIfWifi_sendTo)
                  01011bf0    00000038                   : slnetifwifi.obj (.text:SlNetIfWifi_socket)
                  01011c28    00000038     slnetsock_release.a : slnetutils.oem4 (.text:SlNetUtil_htonl)
                  01011c60    00000038     httpget.obj (.text:mq135_value)
                  01011c98    00000038     httpget.obj (.text:mq2_value)
                  01011cd0    00000038     drivers_cc32xx.a : PowerCC32XX.oem4 (.text:notify)
                  01011d08    00000038     rtsv7M4_T_le_eabi.lib : fs_tod_t2.asm.obj (.text)
                  01011d40    00000038     drivers_cc32xx.a : UARTCC32XXDMA.oem4 (.text:startTxFifoEmptyClk)
                  01011d78    00000038     httpclient_release.a : httpclient.oem4 (.text:stringcasecmp)
                  01011db0    00000038     sysbios.aem4 : BIOS.obj (.text:ti_sysbios_knl_Task_processVitalTaskFlag__I)
                  01011de8    00000036     slnetifwifi.a : slnetifwifi.obj (.text:SlNetIfWifi_getHostByName)
                  01011e1e    00000036                   : slnetifwifi.obj (.text:SlNetIfWifi_select)
                  01011e54    00000036     rtsv7M4_T_le_eabi.lib : strncpy.c.obj (.text:strncpy)
                  01011e8a    00000034     httpclient_release.a : httpclient.oem4 (.text:HTTPClient_destroy)
                  01011ebe    00000002     --HOLE-- [fill = 0]
                  01011ec0    00000034     driverlib.a : pin.obj (.text:PinModeGet)
                  01011ef4    00000034     drivers_cc32xx.a : PowerCC32XX.oem4 (.text:PowerCC32XX_restoreParkState)
                  01011f28    00000034     slnetifwifi.a : slnetifwifi.obj (.text:SlNetIfWifi_CreateContext)
                  01011f5c    00000034     slnetsock_release.a : slnetif.oem4 (.text:SlNetIf_init)
                  01011f90    00000034                         : slnetutils.oem4 (.text:SlNetUtil_htons)
                  01011fc4    00000034     drivers_cc32xx.a : UDMACC32XX.oem4 (.text:UDMACC32XX_close)
                  01011ff8    00000034     rtsv7M4_T_le_eabi.lib : strstr.c.obj (.text:strstr)
                  0101202c    00000004     --HOLE-- [fill = 0]
                  01012030    00000034     sysbios.aem4 : BIOS.obj (.text:ti_sysbios_family_arm_m3_Timer_periodicStub__I)
                  01012064    00000034     release_pem4.oem4 (.text:ti_sysbios_knl_Semaphore_create)
                  01012098    00000034     drivers_cc32xx.a : UARTCC32XXDMA.oem4 (.text:writeFinishedDoCallback)
                  010120cc    00000004     --HOLE-- [fill = 0]
                  010120d0    00000032     sysbios.aem4 : BIOS.obj (.text:ti_sysbios_hal_Hwi_initStack)
                  01012102    00000006     display_cc32xx.a : DisplayUart.oem4 (.text:DisplayUartMin_getType)
                  01012108    00000032     sysbios.aem4 : BIOS.obj (.text:xdc_runtime_System_putchar__I)
                  0101213a    00000030     drivers_cc32xx.a : PowerCC32XX.oem4 (.text:PowerCC32XX_restoreParkedPin)
                  0101216a    00000030     simplelink.a : fs.obj (.text:_SlFsStrlen)
                  0101219a    00000030     rtsv7M4_T_le_eabi.lib : snprintf.c.obj (.text:_outs)
                  010121ca    00000030                           : vsnprintf.c.obj (.text:_outs)
                  010121fa    00000006     slnetifwifi.a : slwificonn.obj (.text:DummyPrintf)
                  01012200    00000030     sysbios.aem4 : BIOS.obj (.text:getTime$21)
                  01012230    00000030     release_pem4.oem4 (.text:ti_sysbios_BIOS_atExitFunc__I)
                  01012260    00000030     release_pem4.oem4 (.text:ti_sysbios_BIOS_startFunc__I)
                  01012290    00000030     sysbios.aem4 : BIOS.obj (.text:ti_sysbios_family_arm_m3_TaskSupport_start__E)
                  010122c0    00000030     release_pem4.oem4 (.text:ti_sysbios_gates_GateHwi_Object__create__S)
                  010122f0    00000030     release_pem4.oem4 (.text:ti_sysbios_gates_GateMutex_Object__create__S)
                  01012320    00000030     sysbios.aem4 : BIOS.obj (.text:ti_sysbios_gates_GateMutex_enter__E)
                  01012350    00000030     release_pem4.oem4 (.text:ti_sysbios_heaps_HeapMem_Object__create__S)
                  01012380    00000030     release_pem4.oem4 (.text:ti_sysbios_knl_Semaphore_construct)
                  010123b0    00000030     sysbios.aem4 : BIOS.obj (.text:ti_sysbios_knl_Semaphore_pendTimeout__I)
                  010123e0    00000030                  : BIOS.obj (.text:ti_sysbios_knl_Task_restore__E)
                  01012410    00000030                  : BIOS.obj (.text:ti_sysbios_knl_Task_unblockI__E)
                  01012440    00000030     release_pem4.oem4 (.text:ti_sysbios_rts_MemAlloc_alloc)
                  01012470    0000002e     simplelink.a : cc_pal.obj (.text:Mutex_create_handle)
                  0101249e    0000002e     rtsv7M4_T_le_eabi.lib : i_tofd_t2.asm.obj (.text)
                  010124cc    0000002c     simplelink.a : cc_pal.obj (.text:NwpPowerOn)
                  010124f8    0000002c     drivers_cc32xx.a : PowerCC32XX.oem4 (.text:PowerCC32XX_getParkState)
                  01012524    0000002c     dpl_cc32xx.a : SemaphoreP_tirtos.oem4 (.text:SemaphoreP_createBinary)
                  01012550    0000002c     slnetifwifi.a : slnetifwifi.obj (.text:SlNetIfWifi_recv)
                  0101257c    0000002c                   : slnetifwifi.obj (.text:SlNetIfWifi_send)
                  010125a8    0000002c     simplelink.a : driver.obj (.text:_SlDrvSyncObjWaitForever)
                  010125d4    00000004     --HOLE-- [fill = 0]
                  010125d8    0000002c     sysbios.aem4 : BIOS.obj (.text:_pthread_cleanupFxn)
                  01012604    00000004     --HOLE-- [fill = 0]
                  01012608    0000002c                  : BIOS.obj (.text:_pthread_delete$43)
                  01012634    00000004     --HOLE-- [fill = 0]
                  01012638    0000002c                  : BIOS.obj (.text:clockFxn$41)
                  01012664    0000002c     rtsv7M4_T_le_eabi.lib : strncmp.c.obj (.text:strncmp)
                  01012690    0000002c     sysbios.aem4 : BIOS.obj (.text:ti_sysbios_family_arm_m3_TimestampProvider_Module_startup__E)
                  010126bc    0000002c     release_pem4.oem4 (.text:ti_sysbios_gates_GateHwi_Handle__label__S)
                  010126e8    0000002c     release_pem4.oem4 (.text:ti_sysbios_gates_GateMutex_Handle__label__S)
                  01012714    0000002c     release_pem4.oem4 (.text:ti_sysbios_heaps_HeapMem_Handle__label__S)
                  01012740    0000002c     release_pem4.oem4 (.text:ti_sysbios_knl_Clock_doTick__I)
                  0101276c    0000002c     release_pem4.oem4 (.text:ti_sysbios_knl_Queue_construct)
                  01012798    0000002a     display_cc32xx.a : Display.oem4 (.text:Display_doPrintf)
                  010127c2    0000002a     slnetsock_release.a : slnetutils.oem4 (.text:SlNetUtil_inetPton)
                  010127ec    0000002a     drivers_cc32xx.a : UARTCC32XXDMA.oem4 (.text:UARTCC32XXDMA_readCancel)
                  01012816    0000002a                      : UARTCC32XXDMA.oem4 (.text:UARTCC32XXDMA_writeCancel)
                  01012840    0000002a     release_pem4.oem4 (.text:calloc)
                  0101286a    0000002a     httpclient_release.a : httpclient.oem4 (.text:searchCustomResponseHeaderNode)
                  01012894    00000004     --HOLE-- [fill = 0]
                  01012898    0000002a     sysbios.aem4 : BIOS.obj (.text:sem_init)
                  010128c2    00000002     --HOLE-- [fill = 0]
                  010128c4    00000028     display_cc32xx.a : Display.oem4 (.text:Display_doInit)
                  010128ec    00000028     driverlib.a : prcm.obj (.text:PRCMPeripheralClkDisable)
                  01012914    00000028     dpl_cc32xx.a : PowerCC32XX_tirtos.oem4 (.text:PowerCC32XX_initPolicy)
                  0101293c    00000028     drivers_cc32xx.a : PowerCC32XX.oem4 (.text:Power_registerNotify)
                  01012964    00000028     slnetsock_release.a : slnetif.oem4 (.text:SlNetIf_callback)
                  0101298c    00000028                         : slnetif.oem4 (.text:SlNetIf_getIfByID)
                  010129b4    00000028                         : slnetsock.oem4 (.text:SlNetSock_secAttribDelete)
                  010129dc    00000028     slnetifwifi.a : slwificonn.obj (.text:SlWifiConn_registerNetIFCallback)
                  01012a04    00000028     simplelink.a : driver.obj (.text:_SlDrvProtectionObjLockWaitForever)
                  01012a2c    00000028                  : driver.obj (.text:_SlDrvProtectionObjUnLock)
                  01012a54    00000028                  : flowcont.obj (.text:_SlFlowContSet)
                  01012a7c    00000028     httpclient_release.a : httpclient.oem4 (.text:clearResHeaders)
                  01012aa4    00000028     sysbios.aem4 : m3_Hwi_asm.obj (.text:ti_sysbios_family_arm_m3_Hwi_excHandlerAsm__I)
                  01012acc    00000004     --HOLE-- [fill = 0]
                  01012ad0    00000028                  : BIOS.obj (.text:ti_sysbios_knl_Clock_addI__E)
                  01012af8    00000028                  : BIOS.obj (.text:ti_sysbios_knl_Swi_Module_startup__E)
                  01012b20    00000026     drivers_cc32xx.a : List.oem4 (.text:List_put)
                  01012b46    00000026                      : List.oem4 (.text:List_remove)
                  01012b6c    00000026     httpget.obj (.text:aqi_calc)
                  01012b92    00000002     --HOLE-- [fill = 0]
                  01012b94    00000024     drivers_cc32xx.a : PowerCC32XX.oem4 (.text:PowerCC32XX_reset)
                  01012bb8    00000024     slnetsock_release.a : slnetif.oem4 (.text:SlNetIf_getConnectionStatus)
                  01012bdc    00000024                         : slnetsock.oem4 (.text:SlNetSock_getIfID)
                  01012c00    00000024     simplelink.a : driver.obj (.text:_SlDrvIsApiInProgress)
                  01012c24    00000024                  : driver.obj (.text:_SlDrvStartMeasureTimeout)
                  01012c48    00000024     sysbios.aem4 : BIOS.obj (.text:pthread_attr_init)
                  01012c6c    00000024     release_pem4.oem4 (.text:ti_sysbios_BIOS_registerRTSLock__I)
                  01012c90    00000024     release_pem4.oem4 (.text:ti_sysbios_BIOS_removeRTSLock__I)
                  01012cb4    00000004     --HOLE-- [fill = 0]
                  01012cb8    00000024     sysbios.aem4 : BIOS.obj (.text:ti_sysbios_family_arm_m3_Timer_postInit__I)
                  01012cdc    00000004     --HOLE-- [fill = 0]
                  01012ce0    00000024                  : BIOS.obj (.text:ti_sysbios_family_arm_m3_Timer_startup__E)
                  01012d04    00000024     release_pem4.oem4 (.text:ti_sysbios_gates_GateMutex_Object__delete__S)
                  01012d28    00000024     sysbios.aem4 : BIOS.obj (.text:ti_sysbios_knl_Clock_Module_startup__E)
                  01012d4c    00000024     release_pem4.oem4 (.text:ti_sysbios_knl_Clock_Object__delete__S)
                  01012d70    00000024     sysbios.aem4 : BIOS.obj (.text:ti_sysbios_knl_Clock_start__E)
                  01012d94    00000004     --HOLE-- [fill = 0]
                  01012d98    00000024                  : BIOS.obj (.text:ti_sysbios_knl_Semaphore_Instance_init__E)
                  01012dbc    00000024     release_pem4.oem4 (.text:ti_sysbios_knl_Semaphore_Object__delete__S)
                  01012de0    00000024     sysbios.aem4 : BIOS.obj (.text:ti_sysbios_knl_Task_restoreHwi__E)
                  01012e04    00000004     --HOLE-- [fill = 0]
                  01012e08    00000024                  : BIOS.obj (.text:xdc_runtime_Error_policyMin__E)
                  01012e2c    00000020     drivers_cc32xx.a : ADCCC32XX.oem4 (.text:ADCCC32XX_convertToMicroVolts)
                  01012e4c    00000020                      : PowerCC32XX.oem4 (.text:Power_unregisterNotify)
                  01012e6c    00000020     slnetifwifi.a : slnetifwifi.obj (.text:SlNetIfWifi_accept)
                  01012e8c    00000020     drivers_cc32xx.a : SPICC32XXDMA.oem4 (.text:getPowerMgrId)
                  01012eac    00000020                      : UARTCC32XXDMA.oem4 (.text:getPowerMgrId)
                  01012ecc    00000020     rtsv7M4_T_le_eabi.lib : u_tofd_t2.asm.obj (.text)
                  01012eec    00000020     release_pem4.oem4 (.text:ti_sysbios_BIOS_rtsLock__I)
                  01012f0c    00000020     release_pem4.oem4 (.text:ti_sysbios_family_arm_m3_Hwi_Object__delete__S)
                  01012f2c    00000004     --HOLE-- [fill = 0]
                  01012f30    00000020     sysbios.aem4 : BIOS.obj (.text:ti_sysbios_family_arm_m3_Hwi_clearInterrupt__E)
                  01012f50    00000020     release_pem4.oem4 (.text:ti_sysbios_gates_GateHwi_Object__delete__S)
                  01012f70    00000020     release_pem4.oem4 (.text:ti_sysbios_heaps_HeapMem_Object__delete__S)
                  01012f90    00000020     sysbios.aem4 : BIOS.obj (.text:ti_sysbios_knl_Idle_run__E)
                  01012fb0    00000020     release_pem4.oem4 (.text:ti_sysbios_knl_Semaphore_destruct)
                  01012fd0    00000020     release_pem4.oem4 (.text:ti_sysbios_knl_Task_Object__delete__S)
                  01012ff0    0000001e     drivers_cc32xx.a : ADCCC32XX.oem4 (.text:ADCCC32XX_convertChain)
                  0101300e    0000001e     slnetifwifi.a : slnetifwifi.obj (.text:SlNetIfWifi_bind)
                  0101302c    0000001e                   : slnetifwifi.obj (.text:SlNetIfWifi_connect)
                  0101304a    0000001e     simplelink.a : driver.obj (.text:_SlDrvObjLockWaitForever)
                  01013068    0000001e                  : driver.obj (.text:_SlDrvObjUnLock)
                  01013086    0000001e                  : driver.obj (.text:_SlDrvSyncObjSignal)
                  010130a4    0000001e     drivers_cc32xx.a : UDMACC32XX.oem4 (.text:postNotifyFxn)
                  010130c2    0000001e     httpclient_release.a : httpclient.oem4 (.text:searchRequestHeader)
                  010130e0    0000001e     sysbios.aem4 : m3_Hwi_asm_switch.obj (.text:ti_sysbios_family_xxx_Hwi_switchAndRunFunc)
                  010130fe    00000002     --HOLE-- [fill = 0]
                  01013100    0000001c     driverlib.a : pin.obj (.text:PinToPadGet)
                  0101311c    0000001c     simplelink.a : device.obj (.text:_SlDeviceGetStartResponseConvert)
                  01013138    0000001c                  : spawn.obj (.text:_SlInternalIsItSpawnThread)
                  01013154    0000001c     rtsv7M4_T_le_eabi.lib : memccpy.c.obj (.text:memccpy)
                  01013170    0000001c     sysbios.aem4 : BIOS.obj (.text:ti_sysbios_family_arm_m3_Hwi_excHandler__I)
                  0101318c    00000004     --HOLE-- [fill = 0]
                  01013190    0000001c                  : BIOS.obj (.text:ti_sysbios_family_arm_m3_Timer_Module_startup__E)
                  010131ac    00000004     --HOLE-- [fill = 0]
                  010131b0    0000001c                  : BIOS.obj (.text:ti_sysbios_family_arm_m3_Timer_stop__E)
                  010131cc    00000004     --HOLE-- [fill = 0]
                  010131d0    0000001c                  : BIOS.obj (.text:ti_sysbios_gates_GateMutex_Instance_init__E)
                  010131ec    00000004     --HOLE-- [fill = 0]
                  010131f0    0000001c                  : BIOS.obj (.text:ti_sysbios_knl_Clock_Instance_finalize__E)
                  0101320c    0000001c     release_pem4.oem4 (.text:ti_sysbios_knl_Queue_destruct)
                  01013228    0000001c     sysbios.aem4 : BIOS.obj (.text:ti_sysbios_knl_Queue_put__E)
                  01013244    00000004     --HOLE-- [fill = 0]
                  01013248    0000001c                  : BIOS.obj (.text:ti_sysbios_knl_Task_enter__I)
                  01013264    00000004     --HOLE-- [fill = 0]
                  01013268    0000001c                  : BIOS.obj (.text:ti_sysbios_rts_ti_ReentSupport_getReent__F)
                  01013284    0000001c     httpclient_release.a : httpclient.oem4 (.text:validateResponseHeader)
                  010132a0    0000001a     slnetifwifi.a : slnetifwifi.obj (.text:SlNetIfWifi_listen)
                  010132ba    0000001a     release_pem4.oem4 (.text:free)
                  010132d4    0000001a     httpget.obj (.text:mq4_value)
                  010132ee    0000001a     sysbios.aem4 : m3_Hwi_asm.obj (.text:ti_sysbios_family_arm_m3_Hwi_pendSV__I)
                  01013308    00000018     drivers_cc32xx.a : PowerCC32XX.oem4 (.text:Power_getTransitionLatency)
                  01013320    00000018                      : PowerCC32XX.oem4 (.text:Power_idleFunc)
                  01013338    00000018     driverlib.a : uart.obj (.text:UARTBusy)
                  01013350    00000018     drivers_cc32xx.a : UART.oem4 (.text:UART_Params_init)
                  01013368    00000018     rtsv7M4_T_le_eabi.lib : args_main.c.obj (.text:_args_main)
                  01013380    00000018                           : snprintf.c.obj (.text:_outc)
                  01013398    00000018                           : vsnprintf.c.obj (.text:_outc)
                  010133b0    00000018                           : sprintf.c.obj (.text:_outs)
                  010133c8    00000018     httpclient_release.a : httpclient.oem4 (.text:countChar)
                  010133e0    00000018     rtsv7M4_T_le_eabi.lib : ll_mul_t2.asm.obj (.text)
                  010133f8    00000018                           : strcmp.c.obj (.text:strcmp)
                  01013410    00000018     release_pem4.oem4 (.text:ti_sysbios_BIOS_rtsUnlock__I)
                  01013428    00000018     release_pem4.oem4 (.text:ti_sysbios_family_arm_m3_Hwi_Module__startupDone__F)
                  01013440    00000018     release_pem4.oem4 (.text:ti_sysbios_family_arm_m3_Timer_Module__startupDone__F)
                  01013458    00000018     sysbios.aem4 : BIOS.obj (.text:ti_sysbios_gates_GateMutex_leave__E)
                  01013470    00000018                  : BIOS.obj (.text:ti_sysbios_knl_Task_sleepTimeout__I)
                  01013488    00000018     release_pem4.oem4 (.text:ti_sysbios_rts_ti_ReentSupport_getTlsAddr__I)
                  010134a0    00000018     sysbios.aem4 : BIOS.obj (.text:xdc_runtime_Error_init__E)
                  010134b8    00000018                  : BIOS.obj (.text:xdc_runtime_System_exit__E)
                  010134d0    00000016     display_cc32xx.a : DisplayUart.oem4 (.text:DisplayUartMin_close)
                  010134e6    00000016     driverlib.a : prcm.obj (.text:PRCMHIBRegRead)
                  010134fc    00000016                 : prcm.obj (.text:PRCMHIBRegWrite)
                  01013512    00000016     simplelink.a : driver.obj (.text:_SlDrvMemZero)
                  01013528    00000016     httpclient_release.a : httpclient.oem4 (.text:clearNonPersistResponseFilter)
                  0101353e    00000002     --HOLE-- [fill = 0]
                  01013540    00000016     sysbios.aem4 : BIOS.obj (.text:pthread_mutex_destroy)
                  01013556    00000016     rtsv7M4_T_le_eabi.lib : strchr.c.obj (.text:strchr)
                  0101356c    00000016     release_pem4.oem4 (.text:ti_sysbios_BIOS_exitFunc__I)
                  01013582    00000014     ti_drivers_config.obj (.text:Board_init)
                  01013596    00000002     --HOLE-- [fill = 0]
                  01013598    00000014     drivers_cc32xx.a : PowerCC32XX.oem4 (.text:Power_getDependencyCount)
                  010135ac    00000014                      : SPI.oem4 (.text:SPI_Params_init)
                  010135c0    00000014     sysbios.aem4 : BIOS.obj (.text:pthread_attr_setschedparam)
                  010135d4    00000014     rtsv7M4_T_le_eabi.lib : strcpy.c.obj (.text:strcpy)
                  010135e8    00000014                           : strlen.c.obj (.text:strlen)
                  010135fc    00000014     release_pem4.oem4 (.text:ti_sysbios_family_arm_m3_Hwi_Object__get__S)
                  01013610    00000014     sysbios.aem4 : BIOS.obj (.text:ti_sysbios_family_arm_m3_Hwi_switchFromBootStack__E)
                  01013624    00000014     release_pem4.oem4 (.text:ti_sysbios_heaps_HeapMem_Object__get__S)
                  01013638    00000014     sysbios.aem4 : BIOS.obj (.text:ti_sysbios_knl_Clock_tickReconfig__E)
                  0101364c    00000014     release_pem4.oem4 (.text:ti_sysbios_knl_Swi_Object__get__S)
                  01013660    00000012     dpl_cc32xx.a : SemaphoreP_tirtos.oem4 (.text:SemaphoreP_pend)
                  01013672    00000012     slnetifwifi.a : slnetifwifi.obj (.text:SlNetIfWifi_close)
                  01013684    00000004     --HOLE-- [fill = 0]
                  01013688    00000012     sysbios.aem4 : BIOS.obj (.text:_pthread_runStub$43)
                  0101369a    00000012     httpget.obj (.text:mq7_value)
                  010136ac    00000004     --HOLE-- [fill = 0]
                  010136b0    00000012     sysbios.aem4 : BIOS.obj (.text:ti_sysbios_hal_Hwi_Module_startup__E)
                  010136c2    00000012     rtsv7M4_T_le_eabi.lib : wcslen.c.obj (.text:wcslen)
                  010136d4    00000012     release_pem4.oem4 (.text:xdc_runtime_Startup_exec__I)
                  010136e6    00000010     dpl_cc32xx.a : HwiP_tirtos.oem4 (.text:HwiP_Params_init)
                  010136f6    00000010     slnetifwifi.a : slnetifwifi.obj (.text:SlNetIfWifi_DeleteContext)
                  01013706    00000010     slnetsock_release.a : slnetsock.oem4 (.text:SlNetSock_secAttribCreate)
                  01013716    00000010     simplelink.a : driver.obj (.text:_SlDrvDispatchHttpServerEvents)
                  01013726    00000010                  : driver.obj (.text:_SlDrvDispatchNetAppRequestEvents)
                  01013736    00000010                  : driver.obj (.text:_SlDrvIsSpawnOwnGlobalLock)
                  01013746    00000010     ti_drivers_config.obj (.text:dmaErrorFxn)
                  01013756    00000002     --HOLE-- [fill = 0]
                  01013758    00000010     sysbios.aem4 : BIOS.obj (.text:pthread_mutexattr_init)
                  01013768    00000010                  : BIOS.obj (.text:pthread_mutexattr_settype)
                  01013778    00000010     httpclient_release.a : httpclient.oem4 (.text:skipWhiteSpace)
                  01013788    00000010     slnetifwifi.a : slnetifwifi.obj (.text:slNetIfWifi_connDisable)
                  01013798    00000010     sysbios.aem4 : BIOS.obj (.text:ti_sysbios_BIOS_getCpuFreq__E)
                  010137a8    00000010                  : BIOS.obj (.text:ti_sysbios_BIOS_setThreadType__E)
                  010137b8    00000010                  : BIOS.obj (.text:ti_sysbios_BIOS_start__E)
                  010137c8    00000010                  : m3_TaskSupport_asm.obj (.text:ti_sysbios_family_arm_m3_TaskSupport_glue)
                  010137d8    00000010                  : m3_TaskSupport_asm.obj (.text:ti_sysbios_family_arm_m3_TaskSupport_swap__E)
                  010137e8    00000010                  : BIOS.obj (.text:ti_sysbios_gates_GateMutex_Instance_finalize__E)
                  010137f8    00000010     release_pem4.oem4 (.text:ti_sysbios_knl_Mailbox_Object__get__S)
                  01013808    00000010     sysbios.aem4 : BIOS.obj (.text:ti_sysbios_knl_Semaphore_Instance_finalize__E)
                  01013818    00000010                  : BIOS.obj (.text:ti_sysbios_knl_Swi_disable__E)
                  01013828    00000010     release_pem4.oem4 (.text:ti_sysbios_knl_Task_Object__get__S)
                  01013838    00000010     sysbios.aem4 : BIOS.obj (.text:ti_sysbios_knl_Task_disable__E)
                  01013848    00000010                  : BIOS.obj (.text:xdc_runtime_Memory_free__E)
                  01013858    00000010                  : BIOS.obj (.text:xdc_runtime_SysCallback_abort__E)
                  01013868    00000010                  : BIOS.obj (.text:xdc_runtime_SysCallback_exit__E)
                  01013878    00000010                  : BIOS.obj (.text:xdc_runtime_SysCallback_putch__E)
                  01013888    00000010                  : BIOS.obj (.text:xdc_runtime_SysCallback_ready__E)
                  01013898    00000010                  : BIOS.obj (.text:xdc_runtime_System_vsnprintf__E)
                  010138a8    0000000e     simplelink.a : driver.obj (.text:_SlDrvResetCmdExt)
                  010138b6    0000000e     rtsv7M4_T_le_eabi.lib : copy_decompress_none.c.obj (.text:decompress:none:__TI_decompress_none)
                  010138c4    0000000e     drivers_cc32xx.a : SPICC32XXDMA.oem4 (.text:postNotifyFxn)
                  010138d2    00000006                      : SPICC32XXDMA.oem4 (.text:SPICC32XXDMA_control)
                  010138d8    0000000e     sysbios.aem4 : BIOS.obj (.text:pthread_attr_setdetachstate)
                  010138e6    00000002     --HOLE-- [fill = 0]
                  010138e8    0000000e                  : BIOS.obj (.text:sem_wait)
                  010138f6    0000000e     slnetifwifi.a : slnetifwifi.obj (.text:slNetIfWifi_connEnable)
                  01013904    0000000e     simplelink.a : cc_pal.obj (.text:spi_Close)
                  01013912    00000006     driverlib.a : utils.obj (.text:UtilsDelay)
                  01013918    0000000e     sysbios.aem4 : BIOS.obj (.text:ti_sysbios_knl_Idle_loop__E)
                  01013926    00000002     --HOLE-- [fill = 0]
                  01013928    0000000e                  : BIOS.obj (.text:ti_sysbios_knl_Queue_empty__E)
                  01013936    0000000c     dpl_cc32xx.a : ClockP_tirtos.oem4 (.text:ClockP_delete)
                  01013942    00000002     --HOLE-- [fill = 0]
                  01013944    0000000c                  : ClockP_tirtos.oem4 (.text:ClockP_getSystemTickPeriod)
                  01013950    0000000c                  : HwiP_tirtos.oem4 (.text:HwiP_delete)
                  0101395c    0000000c     simplelink.a : cc_pal.obj (.text:NwpMaskInterrupt)
                  01013968    0000000c                  : cc_pal.obj (.text:NwpUnMaskInterrupt)
                  01013974    0000000c     drivers_cc32xx.a : PowerCC32XX.oem4 (.text:Power_getConstraintMask)
                  01013980    0000000c     dpl_cc32xx.a : SemaphoreP_tirtos.oem4 (.text:SemaphoreP_delete)
                  0101398c    0000000c     platform.obj (.text:SimpleLinkHttpServerEventHandler)
                  01013998    0000000c     platform.obj (.text:SimpleLinkNetAppRequestEventHandler)
                  010139a4    0000000c     simplelink.a : device.obj (.text:_SlDeviceResetRequestInitCompletedCB)
                  010139b0    0000000c     rtsv7M4_T_le_eabi.lib : _lock.c.obj (.text:_register_lock)
                  010139bc    0000000c                           : _lock.c.obj (.text:_register_unlock)
                  010139c8    0000000c                           : s_copysign.c.obj (.text:copysign)
                  010139d4    0000000c                           : copy_zero_init.c.obj (.text:decompress:ZI:__TI_zero_init)
                  010139e0    0000000c     drivers_cc32xx.a : UARTCC32XXDMA.oem4 (.text:postNotifyFxn)
                  010139ec    00000004     --HOLE-- [fill = 0]
                  010139f0    0000000c     sysbios.aem4 : BIOS.obj (.text:pthread_self)
                  010139fc    0000000c     release_pem4.oem4 (.text:ti_sysbios_family_arm_m3_Hwi_Params__init__S)
                  01013a08    0000000c     sysbios.aem4 : BIOS.obj (.text:ti_sysbios_family_arm_m3_Hwi_disableFxn__E)
                  01013a14    00000004     --HOLE-- [fill = 0]
                  01013a18    0000000c                  : BIOS.obj (.text:ti_sysbios_family_arm_m3_TaskSupport_getStackAlignment__E)
                  01013a24    00000004     --HOLE-- [fill = 0]
                  01013a28    0000000c                  : BIOS.obj (.text:ti_sysbios_gates_GateHwi_enter__E)
                  01013a34    0000000c     release_pem4.oem4 (.text:ti_sysbios_knl_Clock_Params__init__S)
                  01013a40    0000000c     sysbios.aem4 : BIOS.obj (.text:ti_sysbios_knl_Clock_getTicks__E)
                  01013a4c    00000004     --HOLE-- [fill = 0]
                  01013a50    0000000c                  : BIOS.obj (.text:ti_sysbios_knl_Clock_setTicks__E)
                  01013a5c    00000004     --HOLE-- [fill = 0]
                  01013a60    0000000c                  : BIOS.obj (.text:ti_sysbios_knl_Clock_tickStart__E)
                  01013a6c    00000004     --HOLE-- [fill = 0]
                  01013a70    0000000c                  : BIOS.obj (.text:ti_sysbios_knl_Clock_tickStop__E)
                  01013a7c    0000000c     release_pem4.oem4 (.text:ti_sysbios_knl_Queue_Object__get__S)
                  01013a88    0000000c     release_pem4.oem4 (.text:ti_sysbios_knl_Semaphore_Params__init__S)
                  01013a94    0000000c     release_pem4.oem4 (.text:ti_sysbios_knl_Task_Params__init__S)
                  01013aa0    0000000c     sysbios.aem4 : BIOS.obj (.text:ti_sysbios_knl_Task_self__E)
                  01013aac    00000004     --HOLE-- [fill = 0]
                  01013ab0    0000000c                  : BIOS.obj (.text:ti_sysbios_rts_ti_ReentSupport_taskRegHook__I)
                  01013abc    0000000c     driverlib.a : udma.obj (.text:uDMAErrorStatusClear)
                  01013ac8    0000000c                 : udma.obj (.text:uDMAErrorStatusGet)
                  01013ad4    00000004     --HOLE-- [fill = 0]
                  01013ad8    0000000c     sysbios.aem4 : BIOS.obj (.text:xdc_runtime_Startup_rtsDone__E)
                  01013ae4    0000000a     drivers_cc32xx.a : ADC.oem4 (.text:ADC_Params_init)
                  01013aee    0000000a                      : ADC.oem4 (.text:ADC_close)
                  01013af8    0000000a                      : ADC.oem4 (.text:ADC_convert)
                  01013b02    0000000a     dpl_cc32xx.a : ClockP_tirtos.oem4 (.text:ClockP_Params_init)
                  01013b0c    0000000a     drivers_cc32xx.a : SPI.oem4 (.text:SPI_close)
                  01013b16    0000000a                      : SPI.oem4 (.text:SPI_transfer)
                  01013b20    0000000a     platform.obj (.text:SimpleLinkFatalErrorEventHandler)
                  01013b2a    0000000a     platform.obj (.text:SimpleLinkGeneralEventHandler)
                  01013b34    0000000a     platform.obj (.text:SimpleLinkNetAppRequestMemFreeEventHandler)
                  01013b3e    0000000a     platform.obj (.text:SimpleLinkSockEventHandler)
                  01013b48    0000000a     platform.obj (.text:SimpleLinkWlanEventHandler)
                  01013b52    0000000a     drivers_cc32xx.a : UART.oem4 (.text:UART_close)
                  01013b5c    0000000a                      : UART.oem4 (.text:UART_control)
                  01013b66    0000000a                      : UART.oem4 (.text:UART_write)
                  01013b70    0000000a     rtsv7M4_T_le_eabi.lib : sprintf.c.obj (.text:_outc)
                  01013b7a    00000006     --HOLE-- [fill = 0]
                  01013b80    0000000a     sysbios.aem4 : BIOS.obj (.text:sem_destroy)
                  01013b8a    00000006     --HOLE-- [fill = 0]
                  01013b90    0000000a                  : BIOS.obj (.text:sem_post)
                  01013b9a    0000000a     simplelink.a : device.obj (.text:sl_Task)
                  01013ba4    0000000a     release_pem4.oem4 (.text:xdc_runtime_IHeap_alloc)
                  01013bae    0000000a     release_pem4.oem4 (.text:xdc_runtime_IHeap_free)
                  01013bb8    00000008     drivers_cc32xx.a : ADCCC32XX.oem4 (.text:ADCCC32XX_init)
                  01013bc0    00000008     dpl_cc32xx.a : SemaphoreP_tirtos.oem4 (.text:SemaphoreP_Params_init)
                  01013bc8    00000008     simplelink.a : cc_pal.obj (.text:TimerGetCurrentTimestamp)
                  01013bd0    00000008     drivers_cc32xx.a : SPICC32XXDMA.oem4 (.text:blockingTransferCallback)
                  01013bd8    00000008     sysbios.aem4 : BIOS.obj (.text:pthread_attr_setstacksize)
                  01013be0    00000008                  : BIOS.obj (.text:pthread_mutex_lock)
                  01013be8    00000008     drivers_cc32xx.a : UARTCC32XXDMA.oem4 (.text:readSemCallback)
                  01013bf0    00000008     sysbios.aem4 : BIOS.obj (.text:sem_getvalue)
                  01013bf8    00000008                  : BIOS.obj (.text:ti_sysbios_family_arm_m3_Hwi_doSwiRestore__I)
                  01013c00    00000008                  : BIOS.obj (.text:ti_sysbios_family_arm_m3_Hwi_startup__E)
                  01013c08    00000008     drivers_cc32xx.a : UARTCC32XXDMA.oem4 (.text:writeSemCallback)
                  01013c10    00000006     sysbios.aem4 : BIOS.obj (.text:ti_sysbios_family_arm_m3_Hwi_doTaskRestore__I)
                  01013c16    00000002     --HOLE-- [fill = 0]
                  01013c18    00000006                  : BIOS.obj (.text:ti_sysbios_family_arm_m3_Hwi_restoreFxn__E)
                  01013c1e    00000002     --HOLE-- [fill = 0]
                  01013c20    00000006                  : BIOS.obj (.text:ti_sysbios_gates_GateHwi_leave__E)
                  01013c26    00000002     --HOLE-- [fill = 0]
                  01013c28    00000006                  : BIOS.obj (.text:ti_sysbios_heaps_HeapMem_isBlocking__E)
                  01013c2e    00000002     --HOLE-- [fill = 0]
                  01013c30    00000006                  : BIOS.obj (.text:ti_sysbios_knl_Clock_stop__E)
                  01013c36    00000002     --HOLE-- [fill = 0]
                  01013c38    00000006                  : BIOS.obj (.text:ti_sysbios_knl_Queue_Instance_init__E)
                  01013c3e    00000002     --HOLE-- [fill = 0]
                  01013c40    00000006                  : BIOS.obj (.text:ti_sysbios_knl_Swi_startup__E)
                  01013c46    00000002     --HOLE-- [fill = 0]
                  01013c48    00000006                  : BIOS.obj (.text:xdc_runtime_System_Module_startup__E)
                  01013c4e    00000002     --HOLE-- [fill = 0]
                  01013c50    00000004                  : BIOS.obj (.text:__aeabi_errno_addr)
                  01013c54    00000004     --HOLE-- [fill = 0]
                  01013c58    00000004                  : BIOS.obj (.text:ti_sysbios_family_arm_m3_Timer_getMaxTicks__E)
                  01013c5c    00000004     --HOLE-- [fill = 0]
                  01013c60    00000004                  : BIOS.obj (.text:ti_sysbios_gates_GateHwi_query__E)
                  01013c64    00000004     --HOLE-- [fill = 0]
                  01013c68    00000004                  : BIOS.obj (.text:ti_sysbios_gates_GateMutex_query__E)
                  01013c6c    00000004     --HOLE-- [fill = 0]
                  01013c70    00000004                  : BIOS.obj (.text:ti_sysbios_knl_Clock_setTimeout__E)
                  01013c74    00000004     --HOLE-- [fill = 0]
                  01013c78    00000004                  : BIOS.obj (.text:ti_sysbios_knl_Task_startup__E)
                  01013c7c    00000004     --HOLE-- [fill = 0]
                  01013c80    00000004                  : BIOS.obj (.text:xdc_runtime_SysCallback_defaultReady)
                  01013c84    00000004     --HOLE-- [fill = 0]
                  01013c88    00000002                  : BIOS.obj (.text:ti_sysbios_BIOS_linkedWithIncorrectBootLibrary__E)
                  01013c8a    00000006     --HOLE-- [fill = 0]
                  01013c90    00000002                  : BIOS.obj (.text:ti_sysbios_gates_GateHwi_Instance_init__E)
                  01013c92    00000006     --HOLE-- [fill = 0]
                  01013c98    00000002                  : BIOS.obj (.text:ti_sysbios_knl_Clock_logTick__E)
                  01013c9a    00000006     --HOLE-- [fill = 0]
                  01013ca0    00000002                  : BIOS.obj (.text:xdc_runtime_SysCallback_defaultAbort)
[...]
01013c49  xdc_runtime_System_Module_startup__E                            
01013c51  __aeabi_errno_addr                                              
01013c59  ti_sysbios_family_arm_m3_Timer_getMaxTicks__E                   
01013c61  ti_sysbios_gates_GateHwi_query__E                               
01013c61  xdc_runtime_Main_Module_GateProxy_query__E                      
01013c61  xdc_runtime_System_Module_GateProxy_query__E                    
01013c69  ti_sysbios_BIOS_RtsGateProxy_query__E                           
01013c69  ti_sysbios_gates_GateMutex_query__E                             
01013c69  ti_sysbios_heaps_HeapMem_Module_GateProxy_query__E              
01013c71  ti_sysbios_knl_Clock_setTimeout__E                              
01013c79  ti_sysbios_knl_Task_startup__E                                  
01013c81  xdc_runtime_SysCallback_defaultReady                            
01013c89  ti_sysbios_BIOS_linkedWithIncorrectBootLibrary__E               
01013c91  ti_sysbios_gates_GateHwi_Instance_init__E                       
01013c99  ti_sysbios_knl_Clock_logTick__E                                 
01013ca1  xdc_runtime_SysCallback_defaultAbort                            
01013ca9  xdc_runtime_SysCallback_defaultExit                             
01013cb1  xdc_runtime_SysCallback_defaultPutch                            
01013cb9  xdc_runtime_System_abortSpin__E                                 
01013cc1  xdc_runtime_System_exitSpin__E                                  
01013f4c  _ctypes_                                                        
0101404d  Display_defaultParams                                           
0101404e  ti_sysbios_family_arm_m3_Hwi_Module__id__C                      
010141f8  spiCC32XXDMAHWAttrs                                             
01014270  OpcodeTranslateTable                                            
010142e0  _SlActionLookupTable                                            
01014330  PowerCC32XX_config                                              
01014374  ti_sysbios_knl_Task_Object__PARAMS__C                           
010143b0  ti_sysbios_family_arm_m3_Hwi_Object__PARAMS__C                  
010143e0  UARTCC32XXDMA_fxnTable                                          
01014430  ti_sysbios_heaps_HeapMem_Module__FXNS__C                        
01014458  UART_defaultParams                                              
0101447c  ti_sysbios_gates_GateHwi_Module__FXNS__C                        
010144a0  ti_sysbios_gates_GateMutex_Module__FXNS__C                      
010144c4  ti_sysbios_heaps_HeapMem_Object__PARAMS__C                      
010144e8  ti_sysbios_knl_Clock_Object__PARAMS__C                          
0101450c  ti_sysbios_knl_Semaphore_Object__PARAMS__C                      
01014554  xdc_runtime_Startup_sfxnTab__A                                  
010145bb  ti_sysbios_knl_Clock_tickMode__C                                
010145bc  DisplayUartMin_fxnTable                                         
010145fc  SPI_defaultParams                                               
0101463c  ti_sysbios_family_arm_m3_Hwi_Object__DESC__C                    
0101465c  ti_sysbios_gates_GateHwi_Object__DESC__C                        
0101467c  ti_sysbios_gates_GateMutex_Object__DESC__C                      
0101469c  ti_sysbios_heaps_HeapMem_Object__DESC__C                        
010146bc  ti_sysbios_knl_Clock_Object__DESC__C                            
010146dc  ti_sysbios_knl_Queue_Object__DESC__C                            
010146fc  ti_sysbios_knl_Semaphore_Object__DESC__C                        
0101471c  ti_sysbios_knl_Task_Object__DESC__C                             
0101473c  ADCCC32XX_fxnTable                                              
01014758  Display_count                                                   
01014759  CONFIG_ADC_135_CONST                                            
0101475a  CONFIG_ADC_2_CONST                                              
0101475b  ADC_count                                                       
0101475c  CONFIG_Crypto_0_CONST                                           
0101475d  CryptoCC32XX_count                                              
0101475e  GPIO_pinLowerBound                                              
0101475f  GPIO_pinUpperBound                                              
01014760  CONFIG_GPIO_ADC_135_AIN_CONST                                   
01014761  CONFIG_GPIO_ADC_2_AIN_CONST                                     
01014762  CONFIG_GPIO_BUTTON_0_CONST                                      
01014763  CONFIG_GPIO_BUTTON_1_CONST                                      
01014764  CONFIG_GPIO_LED_0_CONST                                         
01014765  CONFIG_GPIO_LED_1_CONST                                         
01014766  CONFIG_GPIO_LED_2_CONST                                         
01014767  CONFIG_SPI_0_CONST                                              
01014768  CONFIG_NWP_SPI_CONST                                            
01014769  SPI_count                                                       
0101476a  CONFIG_TIMER_0_CONST                                            
0101476b  CONFIG_TIMER_1_CONST                                            
0101476c  CONFIG_TIMER_2_CONST                                            
0101476d  Timer_count                                                     
0101476e  CONFIG_UART_0_CONST                                             
0101476f  UART_count                                                      
01014770  CONFIG_WATCHDOG_0_CONST                                         
01014771  Watchdog_count                                                  
01014772  ti_sysbios_family_arm_m3_Timer_Module__id__C                    
01014774  ADC_config                                                      
0101478c  SPICC32XXDMA_fxnTable                                           
010147a4  SPI_config                                                      
010147bc  ti_sysbios_gates_GateHwi_Object__PARAMS__C                      
010147d4  ti_sysbios_gates_GateMutex_Object__PARAMS__C                    
010147ec  ti_sysbios_knl_Queue_Object__PARAMS__C                          
01014804  ti_sysbios_knl_Task_hooks__A                                    
010148a8  displayUartHWAttrs                                              
010148d0  xdc_runtime_Startup_sfxnRts__A                                  
010148e2  ti_sysbios_heaps_HeapMem_Module__id__C                          
010148e4  GPIO_config                                                     
01014940  Display_config                                                  
0101494c  UART_config                                                     
0101497c  udmaCC3220SHWAttrs                                              
01014988  xdc_runtime_Startup_firstFxns__A                                
0101499c  ADC_defaultParams                                               
010149a4  UDMACC32XX_config                                               
010149ac  adcCC32XXHWAttrs                                                
010149d4  ti_sysbios_knl_Idle_funcList__A                                 
010149dc  ti_sysbios_knl_Idle_funcList__C                                 
010149e4  ti_sysbios_knl_Task_hooks__C                                    
010149ec  xdc_runtime_Startup_firstFxns__C                                
010149f4  xdc_runtime_Startup_lastFxns__C                                 
01014a2c  _SlNetAppSendResponseCmdCtrl                                    
01014a30  _SlNetAppSendTokenValueCmdCtrl                                  
01014a60  ti_sysbios_family_arm_m3_Hwi_E_alreadyDefined__C                
01014a64  ti_sysbios_family_arm_m3_Hwi_E_badIntNum__C                     
01014a68  ti_sysbios_family_arm_m3_Hwi_NUM_INTERRUPTS__C                  
01014a6c  ti_sysbios_family_arm_m3_Hwi_Object__count__C                   
01014a70  ti_sysbios_family_arm_m3_Hwi_ccr__C                             
01014a74  ti_sysbios_family_arm_m3_Hwi_excHandlerFunc__C                  
01014a78  ti_sysbios_family_arm_m3_Hwi_nullIsrFunc__C                     
01014a7c  ti_sysbios_family_arm_m3_Hwi_priGroup__C                        
01014a80  ti_sysbios_family_arm_m3_Hwi_swiDisable__C                      
01014a84  ti_sysbios_family_arm_m3_Hwi_swiRestore__C                      
01014a88  ti_sysbios_family_arm_m3_TaskSupport_stackAlignment__C          
01014a8c  ti_sysbios_family_arm_m3_Timer_E_cannotSupport__C               
01014a90  ti_sysbios_family_arm_m3_Timer_startupNeeded__C                 
01014a94  ti_sysbios_gates_GateMutex_Instance_State_sem__O                
01014a98  ti_sysbios_heaps_HeapMem_E_memory__C                            
01014a9c  ti_sysbios_heaps_HeapMem_Module__gateObj__C                     
01014aa0  ti_sysbios_heaps_HeapMem_Object__count__C                       
01014aa4  ti_sysbios_heaps_HeapMem_primaryHeapBaseAddr__C                 
01014aa8  ti_sysbios_heaps_HeapMem_primaryHeapEndAddr__C                  
01014aac  ti_sysbios_heaps_HeapMem_reqAlign__C                            
01014ab0  ti_sysbios_knl_Clock_Module_State_clockQ__O                     
01014ab4  ti_sysbios_knl_Clock_tickPeriod__C                              
01014ab8  ti_sysbios_knl_Mailbox_Instance_State_dataQue__O                
01014abc  ti_sysbios_knl_Mailbox_Instance_State_dataSem__O                
01014ac0  ti_sysbios_knl_Mailbox_Instance_State_freeQue__O                
01014ac4  ti_sysbios_knl_Mailbox_Instance_State_freeSem__O                
01014ac8  ti_sysbios_knl_Mailbox_Object__count__C                         
01014acc  ti_sysbios_knl_Mailbox_maxTypeAlign__C                          
01014ad0  ti_sysbios_knl_Semaphore_Instance_State_pendQ__O                
01014ad4  ti_sysbios_knl_Swi_Object__count__C                             
01014ad8  ti_sysbios_knl_Task_Module_State_inactiveQ__O                   
01014adc  ti_sysbios_knl_Task_Object__count__C                            
01014ae0  ti_sysbios_knl_Task_Object__heap__C                             
01014ae4  ti_sysbios_knl_Task_allBlockedFunc__C                           
01014ae8  ti_sysbios_knl_Task_defaultStackHeap__C                         
01014aec  ti_sysbios_knl_Task_defaultStackSize__C                         
01014af0  ti_sysbios_knl_Task_numConstructedTasks__C                      
01014af4  xdc_runtime_Error_E_memory__C                                   
01014af8  xdc_runtime_Error_policyFxn__C                                  
01014afc  xdc_runtime_IGateProvider_Interface__BASE__C                    
01014b00  xdc_runtime_IHeap_Interface__BASE__C                            
01014b04  xdc_runtime_IModule_Interface__BASE__C                          
01014b08  xdc_runtime_Memory_defaultHeapInstance__C                       
01014b0c  xdc_runtime_Startup_execImpl__C                                 
01014b10  xdc_runtime_Startup_maxPasses__C                                
01014b14  xdc_runtime_Startup_sfxnRts__C                                  
01014b18  xdc_runtime_Startup_sfxnTab__C                                  
01014b1c  xdc_runtime_SysCallback_abortFxn__C                             
01014b20  xdc_runtime_SysCallback_exitFxn__C                              
01014b24  xdc_runtime_SysCallback_putchFxn__C                             
01014b28  xdc_runtime_SysCallback_readyFxn__C                             
01014b2c  xdc_runtime_System_Module__gateObj__C                           
01014b30  xdc_runtime_System_abortFxn__C                                  
01014b34  xdc_runtime_System_exitFxn__C                                   
01014b38  xdc_runtime_System_extendFxn__C                                 
01014b3c  xdc_runtime_System_maxAtexitHandlers__C                         
01014b40  xdc_runtime_Memory_Module__id__C                                
01014b42  ti_sysbios_knl_Clock_tickSource__C                              
01014b43  xdc_runtime_Error_policy__C                                     
01014b48  __TI_static_base__                                              
01014ee8  __TI_Handler_Table_Base                                         
01014ef4  __TI_Handler_Table_Limit                                        
01014f08  __TI_CINIT_Base                                                 
01014f20  __TI_CINIT_Limit                                                
20000000  __start___llvm_prf_cnts                                         
20000000  __stop___llvm_prf_cnts                                          
20000000  ti_sysbios_family_arm_m3_Hwi_ramVectors                         
20000310  __primary_heap_start__                                          
20008310  __primary_heap_end__                                            
20008c00  g_CB                                                            
20008ffc  ti_sysbios_family_arm_m3_Hwi_dispatchTable                      
20009308  ti_sysbios_knl_Task_Instance_State_0_stack__A                   
20009508  PowerCC32XX_contextSave                                         
20009634  spiCC32XXDMAObjects                                             
200096bc  gpioCallbackFunctions                                           
20009740  gpioUserArgs                                                    
20009844  uartCC32XXObjects0                                              
200098b0  GlobalLockObj                                                   
200098dc  g_SlInternalSpawnCB                                             
20009964  DeviceCB                                                        
20009970  Msg                                                             
2000997c  displayUartObject                                               
20009988  spiCC32XXSDMAscratchBuf                                         
20009990  udmaCC3220SObject                                               
2000999c  adcCC32XXObjects                                                
200099a0  display                                                         
200099a4  mode                                                            
200099a8  ti_sysbios_knl_Task_Instance_State_0_hookEnv__A                 
200099ac  gIfID                                                           
200099ae  RxIrqCnt                                                        
200099b0  PowerCC32XX_module                                              
20009b1c  parkInfo                                                        
20009d80  gpioPinConfigs                                                  
20009e04  ti_sysbios_knl_Swi_Module_State_0_readyQ__A                     
20009e84  ti_sysbios_knl_Task_Module_State_0_readyQ__A                    
20009f04  SlNetIfConfigWifi                                               
20009fbc  ti_sysbios_knl_Task_Object__table__V                            
2000a008  ti_sysbios_knl_Task_Module__state__V                            
2000a04c  ti_sysbios_gates_GateMutex_Object__table__V                     
2000a084  ti_sysbios_family_arm_m3_Hwi_Module__state__V                   
2000a0b8  ti_sysbios_family_arm_m3_Timer_Object__table__V                 
2000a0e8  ti_sysbios_knl_Swi_Object__table__V                             
2000a118  ti_sysbios_knl_Clock_Module__state__V                           
2000a144  g_LibsEvents                                                    
2000a168  g_UserEvents                                                    
2000a18c  ti_sysbios_BIOS_Module__state__V                                
2000a1b0  xdc_runtime_Error_IgnoreBlock                                   
2000a1d0  HTTP_METHOD_GET                                                 
2000a1d4  HTTP_METHOD_POST                                                
2000a1d8  HTTP_METHOD_HEAD                                                
2000a1dc  HTTP_METHOD_OPTIONS                                             
2000a1e0  HTTP_METHOD_PUT                                                 
2000a1e4  HTTP_METHOD_DELETE                                              
2000a1e8  HTTP_METHOD_CONNECT                                             
2000a1ec  ti_sysbios_knl_Swi_Module__state__V                             
2000a208  g_fNetIfCB                                                      
2000a20c  g_ifId                                                          
2000a220  ti_sysbios_family_arm_m3_Hwi_Object__table__V                   
2000a238  ti_sysbios_heaps_HeapMem_Object__table__V                       
2000a250  ti_sysbios_family_arm_cc32xx_Seconds_Module__state__V           
2000a274  gGlobalLockCntRequested                                         
2000a275  gGlobalLockCntReleased                                          
2000a276  g_SlDeviceStatus                                                
2000a278  g_pCB                                                           
2000a27c  pPingCallBackFunc                                               
2000a28c  ti_sysbios_family_arm_m3_Timer_Module__state__V                 
2000a298  _lock                                                           
2000a29c  _unlock                                                         
2000a2a8  httpThread                                                      
2000a2ac  spawn_thread                                                    
2000a2b8  ti_sysbios_family_arm_m3_Hwi_Module__root__V                    
2000a2c0  ti_sysbios_gates_GateHwi_Module__root__V                        
2000a2c8  ti_sysbios_gates_GateMutex_Module__root__V                      
2000a2d0  ti_sysbios_heaps_HeapMem_Module__root__V                        
2000a2d8  ti_sysbios_knl_Clock_Module__root__V                            
2000a2e0  ti_sysbios_knl_Queue_Module__root__V                            
2000a2e8  ti_sysbios_knl_Semaphore_Module__root__V                        
2000a2f0  ti_sysbios_knl_Task_Module__root__V                             
2000a2f8  xdc_runtime_Startup_Module__state__V                            
2000a300  xdc_runtime_System_Module_State_0_atexitHandlers__A             
2000a308  xdc_runtime_System_Module__state__V                             
2000a310  main_func_sp                                                    
2000a314  g_intHandle                                                     
2000a318  ti_sysbios_family_arm_m3_Hwi_Module_State_0_excContext__A       
2000a31c  ti_sysbios_family_arm_m3_Hwi_Module_State_0_excStack__A         
2000a320  ti_sysbios_family_arm_m3_TimestampProvider_Module__state__V     
2000a324  ti_sysbios_gates_GateHwi_Object__table__V                       
2000a328  ti_sysbios_knl_Task_Module_State_0_idleTask__A                  
2000a32c  ti_sysbios_rts_ti_ReentSupport_Module__state__V                 
2000a330  xdc_runtime_Memory_Module__state__V                             
2000a336  ti_sysbios_family_arm_m3_Hwi_Module_State_0_excActive__A        
2003fc00  __stack                                                         
20040000  __STACK_END                                                     
e000e000  ti_sysbios_family_arm_m3_Hwi_nvic                               
ffffffff  __TI_pprof_out_hndl                                             
ffffffff  __TI_prof_data_size                                             
ffffffff  __TI_prof_data_start                                            
ffffffff  __binit__                                                       
ffffffff  __c_args__                                                      
ffffffff  binit                                                           
UNDEFED   ITM_flush                                                       
UNDEFED   ITM_restore                                                     
UNDEFED   SHT$$INIT_ARRAY$$Base                                           
UNDEFED   SHT$$INIT_ARRAY$$Limit                                          

[928 symbols]
